127.0.0.1 - - [07/Sep/2024:23:36:26 +0800] "DELETE /nacos/v1/ns/instance?app=unknown&namespaceId=public&port=8301&clusterName=DEFAULT&ip=192.168.56.1&ephemeral=true&serviceName=DEFAULT_GROUP%40%40borrow-service HTTP/1.1" 200 2 1 Nacos-Java-Client:v1.4.2 -
127.0.0.1 - - [07/Sep/2024:23:36:27 +0800] "GET /nacos/v1/ns/instance/list?app=unknown&healthyOnly=false&namespaceId=public&clientIP=192.168.56.1&serviceName=DEFAULT_GROUP%40%40book-service&udpPort=55080&clusters=DEFAULT HTTP/1.1" 200 890 1 Nacos-Java-Client:v1.4.2 -
127.0.0.1 - - [07/Sep/2024:23:36:27 +0800] "PUT /nacos/v1/ns/instance/beat?app=unknown&serviceName=DEFAULT_GROUP%40%40user-service&namespaceId=public&port=8201&clusterName=DEFAULT&ip=192.168.56.1 HTTP/1.1" 200 75 3 Nacos-Java-Client:v1.4.2 -
0:0:0:0:0:0:0:1 - - [07/Sep/2024:23:36:30 +0800] "GET /nacos/v1/ns/catalog/service?serviceName=book-service&groupName=DEFAULT_GROUP&accessToken=eyJhbGciOiJIUzI1NiJ9.eyJzdWIiOiJuYWNvcyIsImV4cCI6MTcyNTY1NTg1NH0.tqFVGd3M73hliCCkvgQ4PTHJIwsBrBang9Dl8kUsV7Y&username=nacos&namespaceId= HTTP/1.1" 200 837 9 Mozilla/5.0 (Windows NT 10.0; Win64; x64) AppleWebKit/537.36 (KHTML, like Gecko) Chrome/128.0.0.0 Safari/537.36 Edg/128.0.0.0 -
0:0:0:0:0:0:0:1 - - [07/Sep/2024:23:36:30 +0800] "GET /nacos/v1/ns/catalog/instances?&accessToken=eyJhbGciOiJIUzI1NiJ9.eyJzdWIiOiJuYWNvcyIsImV4cCI6MTcyNTY1NTg1NH0.tqFVGd3M73hliCCkvgQ4PTHJIwsBrBang9Dl8kUsV7Y&username=nacos&serviceName=book-service&clusterName=haikou&groupName=DEFAULT_GROUP&pageSize=10&pageNo=1&namespaceId= HTTP/1.1" 200 464 13 Mozilla/5.0 (Windows NT 10.0; Win64; x64) AppleWebKit/537.36 (KHTML, like Gecko) Chrome/128.0.0.0 Safari/537.36 Edg/128.0.0.0 -
0:0:0:0:0:0:0:1 - - [07/Sep/2024:23:36:30 +0800] "GET /nacos/v1/ns/catalog/instances?&accessToken=eyJhbGciOiJIUzI1NiJ9.eyJzdWIiOiJuYWNvcyIsImV4cCI6MTcyNTY1NTg1NH0.tqFVGd3M73hliCCkvgQ4PTHJIwsBrBang9Dl8kUsV7Y&username=nacos&serviceName=book-service&clusterName=Haikou&groupName=DEFAULT_GROUP&pageSize=10&pageNo=1&namespaceId= HTTP/1.1" 200 464 13 Mozilla/5.0 (Windows NT 10.0; Win64; x64) AppleWebKit/537.36 (KHTML, like Gecko) Chrome/128.0.0.0 Safari/537.36 Edg/128.0.0.0 -
0:0:0:0:0:0:0:1 - - [07/Sep/2024:23:36:30 +0800] "GET /nacos/v1/ns/catalog/instances?&accessToken=eyJhbGciOiJIUzI1NiJ9.eyJzdWIiOiJuYWNvcyIsImV4cCI6MTcyNTY1NTg1NH0.tqFVGd3M73hliCCkvgQ4PTHJIwsBrBang9Dl8kUsV7Y&username=nacos&serviceName=book-service&clusterName=DEFAULT&groupName=DEFAULT_GROUP&pageSize=10&pageNo=1&namespaceId= HTTP/1.1" 200 900 17 Mozilla/5.0 (Windows NT 10.0; Win64; x64) AppleWebKit/537.36 (KHTML, like Gecko) Chrome/128.0.0.0 Safari/537.36 Edg/128.0.0.0 -
0:0:0:0:0:0:0:1 - - [07/Sep/2024:23:36:32 +0800] "GET /nacos/v1/ns/catalog/services?hasIpCount=true&withInstances=false&pageNo=1&pageSize=10&serviceNameParam=&groupNameParam=&accessToken=eyJhbGciOiJIUzI1NiJ9.eyJzdWIiOiJuYWNvcyIsImV4cCI6MTcyNTY1NTg1NH0.tqFVGd3M73hliCCkvgQ4PTHJIwsBrBang9Dl8kUsV7Y&username=nacos&namespaceId= HTTP/1.1" 200 424 9 Mozilla/5.0 (Windows NT 10.0; Win64; x64) AppleWebKit/537.36 (KHTML, like Gecko) Chrome/128.0.0.0 Safari/537.36 Edg/128.0.0.0 -
127.0.0.1 - - [07/Sep/2024:23:36:32 +0800] "PUT /nacos/v1/ns/instance/beat?app=unknown&serviceName=DEFAULT_GROUP%40%40user-service&namespaceId=public&port=8201&clusterName=DEFAULT&ip=192.168.56.1 HTTP/1.1" 200 75 1 Nacos-Java-Client:v1.4.2 -
127.0.0.1 - - [07/Sep/2024:23:36:33 +0800] "GET /nacos/v1/ns/instance/list?app=unknown&healthyOnly=false&namespaceId=public&clientIP=192.168.56.1&serviceName=DEFAULT_GROUP%40%40user-service&udpPort=58738&clusters=DEFAULT HTTP/1.1" 200 573 3 Nacos-Java-Client:v1.4.2 -
0:0:0:0:0:0:0:1 - - [07/Sep/2024:23:36:33 +0800] "GET /nacos/ HTTP/1.1" 304 - 20 Mozilla/5.0 (Windows NT 10.0; Win64; x64) AppleWebKit/537.36 (KHTML, like Gecko) Chrome/128.0.0.0 Safari/537.36 Edg/128.0.0.0 -
0:0:0:0:0:0:0:1 - - [07/Sep/2024:23:36:34 +0800] "GET /nacos/v1/console/namespaces?&accessToken=eyJhbGciOiJIUzI1NiJ9.eyJzdWIiOiJuYWNvcyIsImV4cCI6MTcyNTY1NTg1NH0.tqFVGd3M73hliCCkvgQ4PTHJIwsBrBang9Dl8kUsV7Y&username=nacos&namespaceId= HTTP/1.1" 200 130 14 Mozilla/5.0 (Windows NT 10.0; Win64; x64) AppleWebKit/537.36 (KHTML, like Gecko) Chrome/128.0.0.0 Safari/537.36 Edg/128.0.0.0 -
0:0:0:0:0:0:0:1 - - [07/Sep/2024:23:36:34 +0800] "GET /nacos/v1/console/server/state?accessToken=eyJhbGciOiJIUzI1NiJ9.eyJzdWIiOiJuYWNvcyIsImV4cCI6MTcyNTY1NTg1NH0.tqFVGd3M73hliCCkvgQ4PTHJIwsBrBang9Dl8kUsV7Y&username=nacos HTTP/1.1" 200 82 3 Mozilla/5.0 (Windows NT 10.0; Win64; x64) AppleWebKit/537.36 (KHTML, like Gecko) Chrome/128.0.0.0 Safari/537.36 Edg/128.0.0.0 -
0:0:0:0:0:0:0:1 - - [07/Sep/2024:23:36:34 +0800] "GET /nacos/v1/ns/catalog/services?hasIpCount=true&withInstances=false&pageNo=1&pageSize=10&serviceNameParam=&groupNameParam=&accessToken=eyJhbGciOiJIUzI1NiJ9.eyJzdWIiOiJuYWNvcyIsImV4cCI6MTcyNTY1NTg1NH0.tqFVGd3M73hliCCkvgQ4PTHJIwsBrBang9Dl8kUsV7Y&username=nacos&namespaceId= HTTP/1.1" 200 424 4 Mozilla/5.0 (Windows NT 10.0; Win64; x64) AppleWebKit/537.36 (KHTML, like Gecko) Chrome/128.0.0.0 Safari/537.36 Edg/128.0.0.0 -
127.0.0.1 - - [07/Sep/2024:23:36:35 +0800] "GET /nacos/v1/ns/instance/list?app=unknown&healthyOnly=false&namespaceId=public&clientIP=192.168.56.1&serviceName=DEFAULT_GROUP%40%40book-service&udpPort=55079&clusters=haikou HTTP/1.1" 200 571 2 Nacos-Java-Client:v1.4.2 -
0:0:0:0:0:0:0:1 - - [07/Sep/2024:23:36:35 +0800] "GET /nacos/ HTTP/1.1" 304 - 3 Mozilla/5.0 (Windows NT 10.0; Win64; x64) AppleWebKit/537.36 (KHTML, like Gecko) Chrome/128.0.0.0 Safari/537.36 Edg/128.0.0.0 -
0:0:0:0:0:0:0:1 - - [07/Sep/2024:23:36:36 +0800] "GET /nacos/v1/console/namespaces?&accessToken=eyJhbGciOiJIUzI1NiJ9.eyJzdWIiOiJuYWNvcyIsImV4cCI6MTcyNTY1NTg1NH0.tqFVGd3M73hliCCkvgQ4PTHJIwsBrBang9Dl8kUsV7Y&username=nacos&namespaceId= HTTP/1.1" 200 130 4 Mozilla/5.0 (Windows NT 10.0; Win64; x64) AppleWebKit/537.36 (KHTML, like Gecko) Chrome/128.0.0.0 Safari/537.36 Edg/128.0.0.0 -
0:0:0:0:0:0:0:1 - - [07/Sep/2024:23:36:36 +0800] "GET /nacos/v1/console/server/state?accessToken=eyJhbGciOiJIUzI1NiJ9.eyJzdWIiOiJuYWNvcyIsImV4cCI6MTcyNTY1NTg1NH0.tqFVGd3M73hliCCkvgQ4PTHJIwsBrBang9Dl8kUsV7Y&username=nacos HTTP/1.1" 200 82 10 Mozilla/5.0 (Windows NT 10.0; Win64; x64) AppleWebKit/537.36 (KHTML, like Gecko) Chrome/128.0.0.0 Safari/537.36 Edg/128.0.0.0 -
0:0:0:0:0:0:0:1 - - [07/Sep/2024:23:36:36 +0800] "GET /nacos/v1/ns/catalog/services?hasIpCount=true&withInstances=false&pageNo=1&pageSize=10&serviceNameParam=&groupNameParam=&accessToken=eyJhbGciOiJIUzI1NiJ9.eyJzdWIiOiJuYWNvcyIsImV4cCI6MTcyNTY1NTg1NH0.tqFVGd3M73hliCCkvgQ4PTHJIwsBrBang9Dl8kUsV7Y&username=nacos&namespaceId= HTTP/1.1" 200 424 2 Mozilla/5.0 (Windows NT 10.0; Win64; x64) AppleWebKit/537.36 (KHTML, like Gecko) Chrome/128.0.0.0 Safari/537.36 Edg/128.0.0.0 -
0:0:0:0:0:0:0:1 - - [07/Sep/2024:23:36:37 +0800] "GET /nacos/v1/ns/catalog/services?hasIpCount=false&withInstances=false&pageNo=1&pageSize=10&serviceNameParam=&groupNameParam=&accessToken=eyJhbGciOiJIUzI1NiJ9.eyJzdWIiOiJuYWNvcyIsImV4cCI6MTcyNTY1NTg1NH0.tqFVGd3M73hliCCkvgQ4PTHJIwsBrBang9Dl8kUsV7Y&username=nacos&namespaceId= HTTP/1.1" 200 424 3 Mozilla/5.0 (Windows NT 10.0; Win64; x64) AppleWebKit/537.36 (KHTML, like Gecko) Chrome/128.0.0.0 Safari/537.36 Edg/128.0.0.0 -
127.0.0.1 - - [07/Sep/2024:23:36:37 +0800] "GET /nacos/v1/ns/instance/list?app=unknown&healthyOnly=false&namespaceId=public&clientIP=192.168.56.1&serviceName=DEFAULT_GROUP%40%40book-service&udpPort=55080&clusters=DEFAULT HTTP/1.1" 200 890 2 Nacos-Java-Client:v1.4.2 -
0:0:0:0:0:0:0:1 - - [07/Sep/2024:23:36:37 +0800] "GET /nacos/v1/ns/catalog/services?hasIpCount=true&withInstances=false&pageNo=1&pageSize=10&serviceNameParam=&groupNameParam=&accessToken=eyJhbGciOiJIUzI1NiJ9.eyJzdWIiOiJuYWNvcyIsImV4cCI6MTcyNTY1NTg1NH0.tqFVGd3M73hliCCkvgQ4PTHJIwsBrBang9Dl8kUsV7Y&username=nacos&namespaceId= HTTP/1.1" 200 424 3 Mozilla/5.0 (Windows NT 10.0; Win64; x64) AppleWebKit/537.36 (KHTML, like Gecko) Chrome/128.0.0.0 Safari/537.36 Edg/128.0.0.0 -
127.0.0.1 - - [07/Sep/2024:23:36:37 +0800] "PUT /nacos/v1/ns/instance/beat?app=unknown&serviceName=DEFAULT_GROUP%40%40user-service&namespaceId=public&port=8201&clusterName=DEFAULT&ip=192.168.56.1 HTTP/1.1" 200 75 1 Nacos-Java-Client:v1.4.2 -
0:0:0:0:0:0:0:1 - - [07/Sep/2024:23:36:39 +0800] "GET /nacos/ HTTP/1.1" 304 - 3 Mozilla/5.0 (Windows NT 10.0; Win64; x64) AppleWebKit/537.36 (KHTML, like Gecko) Chrome/128.0.0.0 Safari/537.36 Edg/128.0.0.0 -
0:0:0:0:0:0:0:1 - - [07/Sep/2024:23:36:39 +0800] "GET /nacos/v1/console/namespaces?&accessToken=eyJhbGciOiJIUzI1NiJ9.eyJzdWIiOiJuYWNvcyIsImV4cCI6MTcyNTY1NTg1NH0.tqFVGd3M73hliCCkvgQ4PTHJIwsBrBang9Dl8kUsV7Y&username=nacos&namespaceId= HTTP/1.1" 200 130 2 Mozilla/5.0 (Windows NT 10.0; Win64; x64) AppleWebKit/537.36 (KHTML, like Gecko) Chrome/128.0.0.0 Safari/537.36 Edg/128.0.0.0 -
0:0:0:0:0:0:0:1 - - [07/Sep/2024:23:36:39 +0800] "GET /nacos/v1/console/server/state?accessToken=eyJhbGciOiJIUzI1NiJ9.eyJzdWIiOiJuYWNvcyIsImV4cCI6MTcyNTY1NTg1NH0.tqFVGd3M73hliCCkvgQ4PTHJIwsBrBang9Dl8kUsV7Y&username=nacos HTTP/1.1" 200 82 2 Mozilla/5.0 (Windows NT 10.0; Win64; x64) AppleWebKit/537.36 (KHTML, like Gecko) Chrome/128.0.0.0 Safari/537.36 Edg/128.0.0.0 -
0:0:0:0:0:0:0:1 - - [07/Sep/2024:23:36:39 +0800] "GET /nacos/v1/ns/catalog/services?hasIpCount=true&withInstances=false&pageNo=1&pageSize=10&serviceNameParam=&groupNameParam=&accessToken=eyJhbGciOiJIUzI1NiJ9.eyJzdWIiOiJuYWNvcyIsImV4cCI6MTcyNTY1NTg1NH0.tqFVGd3M73hliCCkvgQ4PTHJIwsBrBang9Dl8kUsV7Y&username=nacos&namespaceId= HTTP/1.1" 200 424 8 Mozilla/5.0 (Windows NT 10.0; Win64; x64) AppleWebKit/537.36 (KHTML, like Gecko) Chrome/128.0.0.0 Safari/537.36 Edg/128.0.0.0 -
127.0.0.1 - - [07/Sep/2024:23:36:40 +0800] "GET /nacos/v1/ns/instance/list?app=unknown&healthyOnly=false&namespaceId=public&clientIP=192.168.56.1&serviceName=DEFAULT_GROUP%40%40borrow-service&udpPort=60361&clusters=haikou HTTP/1.1" 200 261 2 Nacos-Java-Client:v1.4.2 -
127.0.0.1 - - [07/Sep/2024:23:36:41 +0800] "POST /nacos/v1/ns/instance?app=unknown&groupName=DEFAULT_GROUP&metadata=%7B%22preserved.register.source%22%3A%22SPRING_CLOUD%22%7D&namespaceId=public&port=8301&enable=true&healthy=true&clusterName=haikou&ip=192.168.56.1&weight=1.0&ephemeral=false&serviceName=DEFAULT_GROUP%40%40borrow-service HTTP/1.1" 200 2 5 Nacos-Java-Client:v1.4.2 -
127.0.0.1 - - [07/Sep/2024:23:36:42 +0800] "GET /nacos/v1/ns/instance/list?app=unknown&healthyOnly=false&namespaceId=public&clientIP=192.168.56.1&serviceName=DEFAULT_GROUP%40%40borrow-service&udpPort=60361&clusters=haikou HTTP/1.1" 200 579 1 Nacos-Java-Client:v1.4.2 -
127.0.0.1 - - [07/Sep/2024:23:36:42 +0800] "PUT /nacos/v1/ns/instance/beat?app=unknown&serviceName=DEFAULT_GROUP%40%40user-service&namespaceId=public&port=8201&clusterName=DEFAULT&ip=192.168.56.1 HTTP/1.1" 200 75 1 Nacos-Java-Client:v1.4.2 -
127.0.0.1 - - [07/Sep/2024:23:36:43 +0800] "GET /nacos/v1/ns/instance/list?app=unknown&healthyOnly=false&namespaceId=public&clientIP=192.168.56.1&serviceName=DEFAULT_GROUP%40%40user-service&udpPort=58738&clusters=DEFAULT HTTP/1.1" 200 573 1 Nacos-Java-Client:v1.4.2 -
0:0:0:0:0:0:0:1 - - [07/Sep/2024:23:36:43 +0800] "GET /nacos/ HTTP/1.1" 304 - 4 Mozilla/5.0 (Windows NT 10.0; Win64; x64) AppleWebKit/537.36 (KHTML, like Gecko) Chrome/128.0.0.0 Safari/537.36 Edg/128.0.0.0 -
0:0:0:0:0:0:0:1 - - [07/Sep/2024:23:36:43 +0800] "GET /nacos/v1/console/namespaces?&accessToken=eyJhbGciOiJIUzI1NiJ9.eyJzdWIiOiJuYWNvcyIsImV4cCI6MTcyNTY1NTg1NH0.tqFVGd3M73hliCCkvgQ4PTHJIwsBrBang9Dl8kUsV7Y&username=nacos&namespaceId= HTTP/1.1" 200 130 9 Mozilla/5.0 (Windows NT 10.0; Win64; x64) AppleWebKit/537.36 (KHTML, like Gecko) Chrome/128.0.0.0 Safari/537.36 Edg/128.0.0.0 -
0:0:0:0:0:0:0:1 - - [07/Sep/2024:23:36:43 +0800] "GET /nacos/v1/console/server/state?accessToken=eyJhbGciOiJIUzI1NiJ9.eyJzdWIiOiJuYWNvcyIsImV4cCI6MTcyNTY1NTg1NH0.tqFVGd3M73hliCCkvgQ4PTHJIwsBrBang9Dl8kUsV7Y&username=nacos HTTP/1.1" 200 82 4 Mozilla/5.0 (Windows NT 10.0; Win64; x64) AppleWebKit/537.36 (KHTML, like Gecko) Chrome/128.0.0.0 Safari/537.36 Edg/128.0.0.0 -
0:0:0:0:0:0:0:1 - - [07/Sep/2024:23:36:43 +0800] "GET /nacos/v1/ns/catalog/services?hasIpCount=true&withInstances=false&pageNo=1&pageSize=10&serviceNameParam=&groupNameParam=&accessToken=eyJhbGciOiJIUzI1NiJ9.eyJzdWIiOiJuYWNvcyIsImV4cCI6MTcyNTY1NTg1NH0.tqFVGd3M73hliCCkvgQ4PTHJIwsBrBang9Dl8kUsV7Y&username=nacos&namespaceId= HTTP/1.1" 200 425 3 Mozilla/5.0 (Windows NT 10.0; Win64; x64) AppleWebKit/537.36 (KHTML, like Gecko) Chrome/128.0.0.0 Safari/537.36 Edg/128.0.0.0 -
127.0.0.1 - - [07/Sep/2024:23:36:45 +0800] "GET /nacos/v1/ns/instance/list?app=unknown&healthyOnly=false&namespaceId=public&clientIP=192.168.56.1&serviceName=DEFAULT_GROUP%40%40book-service&udpPort=55079&clusters=haikou HTTP/1.1" 200 571 2 Nacos-Java-Client:v1.4.2 -
0:0:0:0:0:0:0:1 - - [07/Sep/2024:23:36:46 +0800] "GET /nacos/v1/ns/catalog/service?serviceName=borrow-service&groupName=DEFAULT_GROUP&accessToken=eyJhbGciOiJIUzI1NiJ9.eyJzdWIiOiJuYWNvcyIsImV4cCI6MTcyNTY1NTg1NH0.tqFVGd3M73hliCCkvgQ4PTHJIwsBrBang9Dl8kUsV7Y&username=nacos&namespaceId= HTTP/1.1" 200 615 7 Mozilla/5.0 (Windows NT 10.0; Win64; x64) AppleWebKit/537.36 (KHTML, like Gecko) Chrome/128.0.0.0 Safari/537.36 Edg/128.0.0.0 -
0:0:0:0:0:0:0:1 - - [07/Sep/2024:23:36:46 +0800] "GET /nacos/v1/ns/catalog/instances?&accessToken=eyJhbGciOiJIUzI1NiJ9.eyJzdWIiOiJuYWNvcyIsImV4cCI6MTcyNTY1NTg1NH0.tqFVGd3M73hliCCkvgQ4PTHJIwsBrBang9Dl8kUsV7Y&username=nacos&serviceName=borrow-service&clusterName=haikou&groupName=DEFAULT_GROUP&pageSize=10&pageNo=1&namespaceId= HTTP/1.1" 200 468 9 Mozilla/5.0 (Windows NT 10.0; Win64; x64) AppleWebKit/537.36 (KHTML, like Gecko) Chrome/128.0.0.0 Safari/537.36 Edg/128.0.0.0 -
0:0:0:0:0:0:0:1 - - [07/Sep/2024:23:36:46 +0800] "GET /nacos/v1/ns/catalog/instances?&accessToken=eyJhbGciOiJIUzI1NiJ9.eyJzdWIiOiJuYWNvcyIsImV4cCI6MTcyNTY1NTg1NH0.tqFVGd3M73hliCCkvgQ4PTHJIwsBrBang9Dl8kUsV7Y&username=nacos&serviceName=borrow-service&clusterName=DEFAULT&groupName=DEFAULT_GROUP&pageSize=10&pageNo=1&namespaceId= HTTP/1.1" 200 471 13 Mozilla/5.0 (Windows NT 10.0; Win64; x64) AppleWebKit/537.36 (KHTML, like Gecko) Chrome/128.0.0.0 Safari/537.36 Edg/128.0.0.0 -
127.0.0.1 - - [07/Sep/2024:23:36:47 +0800] "GET /nacos/v1/ns/instance/list?app=unknown&healthyOnly=false&namespaceId=public&clientIP=192.168.56.1&serviceName=DEFAULT_GROUP%40%40book-service&udpPort=55080&clusters=DEFAULT HTTP/1.1" 200 890 2 Nacos-Java-Client:v1.4.2 -
127.0.0.1 - - [07/Sep/2024:23:36:47 +0800] "PUT /nacos/v1/ns/instance/beat?app=unknown&serviceName=DEFAULT_GROUP%40%40user-service&namespaceId=public&port=8201&clusterName=DEFAULT&ip=192.168.56.1 HTTP/1.1" 200 75 1 Nacos-Java-Client:v1.4.2 -
127.0.0.1 - - [07/Sep/2024:23:36:52 +0800] "GET /nacos/v1/ns/instance/list?app=unknown&healthyOnly=false&namespaceId=public&clientIP=192.168.56.1&serviceName=DEFAULT_GROUP%40%40borrow-service&udpPort=60361&clusters=haikou HTTP/1.1" 200 579 2 Nacos-Java-Client:v1.4.2 -
127.0.0.1 - - [07/Sep/2024:23:36:52 +0800] "PUT /nacos/v1/ns/instance/beat?app=unknown&serviceName=DEFAULT_GROUP%40%40user-service&namespaceId=public&port=8201&clusterName=DEFAULT&ip=192.168.56.1 HTTP/1.1" 200 75 1 Nacos-Java-Client:v1.4.2 -
127.0.0.1 - - [07/Sep/2024:23:36:53 +0800] "GET /nacos/v1/ns/instance/list?app=unknown&healthyOnly=false&namespaceId=public&clientIP=192.168.56.1&serviceName=DEFAULT_GROUP%40%40user-service&udpPort=58738&clusters=DEFAULT HTTP/1.1" 200 573 2 Nacos-Java-Client:v1.4.2 -
0:0:0:0:0:0:0:1 - - [07/Sep/2024:23:36:53 +0800] "GET /nacos/v1/ns/catalog/services?hasIpCount=true&withInstances=false&pageNo=1&pageSize=10&serviceNameParam=&groupNameParam=&accessToken=eyJhbGciOiJIUzI1NiJ9.eyJzdWIiOiJuYWNvcyIsImV4cCI6MTcyNTY1NTg1NH0.tqFVGd3M73hliCCkvgQ4PTHJIwsBrBang9Dl8kUsV7Y&username=nacos&namespaceId= HTTP/1.1" 200 425 5 Mozilla/5.0 (Windows NT 10.0; Win64; x64) AppleWebKit/537.36 (KHTML, like Gecko) Chrome/128.0.0.0 Safari/537.36 Edg/128.0.0.0 -
0:0:0:0:0:0:0:1 - - [07/Sep/2024:23:36:55 +0800] "GET /nacos/v1/ns/catalog/service?serviceName=borrow-service&groupName=DEFAULT_GROUP&accessToken=eyJhbGciOiJIUzI1NiJ9.eyJzdWIiOiJuYWNvcyIsImV4cCI6MTcyNTY1NTg1NH0.tqFVGd3M73hliCCkvgQ4PTHJIwsBrBang9Dl8kUsV7Y&username=nacos&namespaceId= HTTP/1.1" 200 615 11 Mozilla/5.0 (Windows NT 10.0; Win64; x64) AppleWebKit/537.36 (KHTML, like Gecko) Chrome/128.0.0.0 Safari/537.36 Edg/128.0.0.0 -
0:0:0:0:0:0:0:1 - - [07/Sep/2024:23:36:55 +0800] "GET /nacos/v1/ns/catalog/instances?&accessToken=eyJhbGciOiJIUzI1NiJ9.eyJzdWIiOiJuYWNvcyIsImV4cCI6MTcyNTY1NTg1NH0.tqFVGd3M73hliCCkvgQ4PTHJIwsBrBang9Dl8kUsV7Y&username=nacos&serviceName=borrow-service&clusterName=DEFAULT&groupName=DEFAULT_GROUP&pageSize=10&pageNo=1&namespaceId= HTTP/1.1" 200 470 4 Mozilla/5.0 (Windows NT 10.0; Win64; x64) AppleWebKit/537.36 (KHTML, like Gecko) Chrome/128.0.0.0 Safari/537.36 Edg/128.0.0.0 -
0:0:0:0:0:0:0:1 - - [07/Sep/2024:23:36:55 +0800] "GET /nacos/v1/ns/catalog/instances?&accessToken=eyJhbGciOiJIUzI1NiJ9.eyJzdWIiOiJuYWNvcyIsImV4cCI6MTcyNTY1NTg1NH0.tqFVGd3M73hliCCkvgQ4PTHJIwsBrBang9Dl8kUsV7Y&username=nacos&serviceName=borrow-service&clusterName=haikou&groupName=DEFAULT_GROUP&pageSize=10&pageNo=1&namespaceId= HTTP/1.1" 200 468 4 Mozilla/5.0 (Windows NT 10.0; Win64; x64) AppleWebKit/537.36 (KHTML, like Gecko) Chrome/128.0.0.0 Safari/537.36 Edg/128.0.0.0 -
127.0.0.1 - - [07/Sep/2024:23:36:55 +0800] "GET /nacos/v1/ns/instance/list?app=unknown&healthyOnly=false&namespaceId=public&clientIP=192.168.56.1&serviceName=DEFAULT_GROUP%40%40book-service&udpPort=55079&clusters=haikou HTTP/1.1" 200 571 2 Nacos-Java-Client:v1.4.2 -
0:0:0:0:0:0:0:1 - - [07/Sep/2024:23:36:56 +0800] "GET /nacos/v1/ns/catalog/services?hasIpCount=true&withInstances=false&pageNo=1&pageSize=10&serviceNameParam=&groupNameParam=&accessToken=eyJhbGciOiJIUzI1NiJ9.eyJzdWIiOiJuYWNvcyIsImV4cCI6MTcyNTY1NTg1NH0.tqFVGd3M73hliCCkvgQ4PTHJIwsBrBang9Dl8kUsV7Y&username=nacos&namespaceId= HTTP/1.1" 200 425 4 Mozilla/5.0 (Windows NT 10.0; Win64; x64) AppleWebKit/537.36 (KHTML, like Gecko) Chrome/128.0.0.0 Safari/537.36 Edg/128.0.0.0 -
127.0.0.1 - - [07/Sep/2024:23:36:57 +0800] "GET /nacos/v1/ns/instance/list?app=unknown&healthyOnly=false&namespaceId=public&clientIP=192.168.56.1&serviceName=DEFAULT_GROUP%40%40book-service&udpPort=55080&clusters=DEFAULT HTTP/1.1" 200 890 1 Nacos-Java-Client:v1.4.2 -
127.0.0.1 - - [07/Sep/2024:23:36:57 +0800] "PUT /nacos/v1/ns/instance/beat?app=unknown&serviceName=DEFAULT_GROUP%40%40user-service&namespaceId=public&port=8201&clusterName=DEFAULT&ip=192.168.56.1 HTTP/1.1" 200 75 2 Nacos-Java-Client:v1.4.2 -
127.0.0.1 - - [07/Sep/2024:23:37:02 +0800] "GET /nacos/v1/ns/instance/list?app=unknown&healthyOnly=false&namespaceId=public&clientIP=192.168.56.1&serviceName=DEFAULT_GROUP%40%40borrow-service&udpPort=60361&clusters=haikou HTTP/1.1" 200 579 11 Nacos-Java-Client:v1.4.2 -
127.0.0.1 - - [07/Sep/2024:23:37:02 +0800] "GET /nacos/v1/ns/instance/list?app=unknown&healthyOnly=false&namespaceId=public&clientIP=192.168.56.1&serviceName=DEFAULT_GROUP%40%40user-service&udpPort=60361&clusters= HTTP/1.1" 200 566 1 Nacos-Java-Client:v1.4.2 -
127.0.0.1 - - [07/Sep/2024:23:37:02 +0800] "PUT /nacos/v1/ns/instance/beat?app=unknown&serviceName=DEFAULT_GROUP%40%40user-service&namespaceId=public&port=8201&clusterName=DEFAULT&ip=192.168.56.1 HTTP/1.1" 200 75 1 Nacos-Java-Client:v1.4.2 -
127.0.0.1 - - [07/Sep/2024:23:37:03 +0800] "GET /nacos/v1/ns/instance/list?app=unknown&healthyOnly=false&namespaceId=public&clientIP=192.168.56.1&serviceName=DEFAULT_GROUP%40%40user-service&udpPort=58738&clusters=DEFAULT HTTP/1.1" 200 573 2 Nacos-Java-Client:v1.4.2 -
127.0.0.1 - - [07/Sep/2024:23:37:03 +0800] "GET /nacos/v1/ns/instance/list?app=unknown&healthyOnly=false&namespaceId=public&clientIP=192.168.56.1&serviceName=DEFAULT_GROUP%40%40user-service&udpPort=60361&clusters= HTTP/1.1" 200 566 2 Nacos-Java-Client:v1.4.2 -
127.0.0.1 - - [07/Sep/2024:23:37:04 +0800] "GET /nacos/v1/ns/instance/list?app=unknown&healthyOnly=false&namespaceId=public&clientIP=192.168.56.1&serviceName=DEFAULT_GROUP%40%40book-service&udpPort=60361&clusters= HTTP/1.1" 200 1511 1 Nacos-Java-Client:v1.4.2 -
127.0.0.1 - - [07/Sep/2024:23:37:05 +0800] "GET /nacos/v1/ns/instance/list?app=unknown&healthyOnly=false&namespaceId=public&clientIP=192.168.56.1&serviceName=DEFAULT_GROUP%40%40book-service&udpPort=60361&clusters= HTTP/1.1" 200 1511 7 Nacos-Java-Client:v1.4.2 -
127.0.0.1 - - [07/Sep/2024:23:37:05 +0800] "GET /nacos/v1/ns/instance/list?app=unknown&healthyOnly=false&namespaceId=public&clientIP=192.168.56.1&serviceName=DEFAULT_GROUP%40%40book-service&udpPort=55079&clusters=haikou HTTP/1.1" 200 571 4 Nacos-Java-Client:v1.4.2 -
127.0.0.1 - - [07/Sep/2024:23:37:07 +0800] "GET /nacos/v1/ns/instance/list?app=unknown&healthyOnly=false&namespaceId=public&clientIP=192.168.56.1&serviceName=DEFAULT_GROUP%40%40book-service&udpPort=55080&clusters=DEFAULT HTTP/1.1" 200 890 6 Nacos-Java-Client:v1.4.2 -
127.0.0.1 - - [07/Sep/2024:23:37:07 +0800] "PUT /nacos/v1/ns/instance/beat?app=unknown&serviceName=DEFAULT_GROUP%40%40user-service&namespaceId=public&port=8201&clusterName=DEFAULT&ip=192.168.56.1 HTTP/1.1" 200 75 2 Nacos-Java-Client:v1.4.2 -
127.0.0.1 - - [07/Sep/2024:23:37:12 +0800] "GET /nacos/v1/ns/instance/list?app=unknown&healthyOnly=false&namespaceId=public&clientIP=192.168.56.1&serviceName=DEFAULT_GROUP%40%40borrow-service&udpPort=60361&clusters=haikou HTTP/1.1" 200 579 1 Nacos-Java-Client:v1.4.2 -
127.0.0.1 - - [07/Sep/2024:23:37:12 +0800] "PUT /nacos/v1/ns/instance/beat?app=unknown&serviceName=DEFAULT_GROUP%40%40user-service&namespaceId=public&port=8201&clusterName=DEFAULT&ip=192.168.56.1 HTTP/1.1" 200 75 1 Nacos-Java-Client:v1.4.2 -
127.0.0.1 - - [07/Sep/2024:23:37:13 +0800] "GET /nacos/v1/ns/instance/list?app=unknown&healthyOnly=false&namespaceId=public&clientIP=192.168.56.1&serviceName=DEFAULT_GROUP%40%40user-service&udpPort=58738&clusters=DEFAULT HTTP/1.1" 200 573 2 Nacos-Java-Client:v1.4.2 -
127.0.0.1 - - [07/Sep/2024:23:37:13 +0800] "GET /nacos/v1/ns/instance/list?app=unknown&healthyOnly=false&namespaceId=public&clientIP=192.168.56.1&serviceName=DEFAULT_GROUP%40%40user-service&udpPort=60361&clusters= HTTP/1.1" 200 566 2 Nacos-Java-Client:v1.4.2 -
127.0.0.1 - - [07/Sep/2024:23:37:15 +0800] "GET /nacos/v1/ns/instance/list?app=unknown&healthyOnly=false&namespaceId=public&clientIP=192.168.56.1&serviceName=DEFAULT_GROUP%40%40book-service&udpPort=60361&clusters= HTTP/1.1" 200 1511 2 Nacos-Java-Client:v1.4.2 -
127.0.0.1 - - [07/Sep/2024:23:37:15 +0800] "GET /nacos/v1/ns/instance/list?app=unknown&healthyOnly=false&namespaceId=public&clientIP=192.168.56.1&serviceName=DEFAULT_GROUP%40%40book-service&udpPort=55079&clusters=haikou HTTP/1.1" 200 571 1 Nacos-Java-Client:v1.4.2 -
127.0.0.1 - - [07/Sep/2024:23:37:17 +0800] "GET /nacos/v1/ns/instance/list?app=unknown&healthyOnly=false&namespaceId=public&clientIP=192.168.56.1&serviceName=DEFAULT_GROUP%40%40book-service&udpPort=55080&clusters=DEFAULT HTTP/1.1" 200 890 2 Nacos-Java-Client:v1.4.2 -
127.0.0.1 - - [07/Sep/2024:23:37:17 +0800] "PUT /nacos/v1/ns/instance/beat?app=unknown&serviceName=DEFAULT_GROUP%40%40user-service&namespaceId=public&port=8201&clusterName=DEFAULT&ip=192.168.56.1 HTTP/1.1" 200 75 1 Nacos-Java-Client:v1.4.2 -
127.0.0.1 - - [07/Sep/2024:23:37:22 +0800] "GET /nacos/v1/ns/instance/list?app=unknown&healthyOnly=false&namespaceId=public&clientIP=192.168.56.1&serviceName=DEFAULT_GROUP%40%40borrow-service&udpPort=60361&clusters=haikou HTTP/1.1" 200 579 2 Nacos-Java-Client:v1.4.2 -
127.0.0.1 - - [07/Sep/2024:23:37:22 +0800] "PUT /nacos/v1/ns/instance/beat?app=unknown&serviceName=DEFAULT_GROUP%40%40user-service&namespaceId=public&port=8201&clusterName=DEFAULT&ip=192.168.56.1 HTTP/1.1" 200 75 2 Nacos-Java-Client:v1.4.2 -
127.0.0.1 - - [07/Sep/2024:23:37:23 +0800] "GET /nacos/v1/ns/instance/list?app=unknown&healthyOnly=false&namespaceId=public&clientIP=192.168.56.1&serviceName=DEFAULT_GROUP%40%40user-service&udpPort=58738&clusters=DEFAULT HTTP/1.1" 200 573 2 Nacos-Java-Client:v1.4.2 -
127.0.0.1 - - [07/Sep/2024:23:37:23 +0800] "GET /nacos/v1/ns/instance/list?app=unknown&healthyOnly=false&namespaceId=public&clientIP=192.168.56.1&serviceName=DEFAULT_GROUP%40%40user-service&udpPort=60361&clusters= HTTP/1.1" 200 566 2 Nacos-Java-Client:v1.4.2 -
0:0:0:0:0:0:0:1 - - [07/Sep/2024:23:37:25 +0800] "GET /nacos/v1/ns/catalog/service?serviceName=book-service&groupName=DEFAULT_GROUP&accessToken=eyJhbGciOiJIUzI1NiJ9.eyJzdWIiOiJuYWNvcyIsImV4cCI6MTcyNTY1NTg1NH0.tqFVGd3M73hliCCkvgQ4PTHJIwsBrBang9Dl8kUsV7Y&username=nacos&namespaceId= HTTP/1.1" 200 837 2 Mozilla/5.0 (Windows NT 10.0; Win64; x64) AppleWebKit/537.36 (KHTML, like Gecko) Chrome/128.0.0.0 Safari/537.36 Edg/128.0.0.0 -
0:0:0:0:0:0:0:1 - - [07/Sep/2024:23:37:25 +0800] "GET /nacos/v1/ns/catalog/instances?&accessToken=eyJhbGciOiJIUzI1NiJ9.eyJzdWIiOiJuYWNvcyIsImV4cCI6MTcyNTY1NTg1NH0.tqFVGd3M73hliCCkvgQ4PTHJIwsBrBang9Dl8kUsV7Y&username=nacos&serviceName=book-service&clusterName=DEFAULT&groupName=DEFAULT_GROUP&pageSize=10&pageNo=1&namespaceId= HTTP/1.1" 200 900 9 Mozilla/5.0 (Windows NT 10.0; Win64; x64) AppleWebKit/537.36 (KHTML, like Gecko) Chrome/128.0.0.0 Safari/537.36 Edg/128.0.0.0 -
0:0:0:0:0:0:0:1 - - [07/Sep/2024:23:37:25 +0800] "GET /nacos/v1/ns/catalog/instances?&accessToken=eyJhbGciOiJIUzI1NiJ9.eyJzdWIiOiJuYWNvcyIsImV4cCI6MTcyNTY1NTg1NH0.tqFVGd3M73hliCCkvgQ4PTHJIwsBrBang9Dl8kUsV7Y&username=nacos&serviceName=book-service&clusterName=Haikou&groupName=DEFAULT_GROUP&pageSize=10&pageNo=1&namespaceId= HTTP/1.1" 200 464 9 Mozilla/5.0 (Windows NT 10.0; Win64; x64) AppleWebKit/537.36 (KHTML, like Gecko) Chrome/128.0.0.0 Safari/537.36 Edg/128.0.0.0 -
0:0:0:0:0:0:0:1 - - [07/Sep/2024:23:37:25 +0800] "GET /nacos/v1/ns/catalog/instances?&accessToken=eyJhbGciOiJIUzI1NiJ9.eyJzdWIiOiJuYWNvcyIsImV4cCI6MTcyNTY1NTg1NH0.tqFVGd3M73hliCCkvgQ4PTHJIwsBrBang9Dl8kUsV7Y&username=nacos&serviceName=book-service&clusterName=haikou&groupName=DEFAULT_GROUP&pageSize=10&pageNo=1&namespaceId= HTTP/1.1" 200 464 9 Mozilla/5.0 (Windows NT 10.0; Win64; x64) AppleWebKit/537.36 (KHTML, like Gecko) Chrome/128.0.0.0 Safari/537.36 Edg/128.0.0.0 -
127.0.0.1 - - [07/Sep/2024:23:37:25 +0800] "GET /nacos/v1/ns/instance/list?app=unknown&healthyOnly=false&namespaceId=public&clientIP=192.168.56.1&serviceName=DEFAULT_GROUP%40%40book-service&udpPort=60361&clusters= HTTP/1.1" 200 1511 2 Nacos-Java-Client:v1.4.2 -
127.0.0.1 - - [07/Sep/2024:23:37:25 +0800] "GET /nacos/v1/ns/instance/list?app=unknown&healthyOnly=false&namespaceId=public&clientIP=192.168.56.1&serviceName=DEFAULT_GROUP%40%40book-service&udpPort=55079&clusters=haikou HTTP/1.1" 200 571 1 Nacos-Java-Client:v1.4.2 -
127.0.0.1 - - [07/Sep/2024:23:37:27 +0800] "GET /nacos/v1/ns/instance/list?app=unknown&healthyOnly=false&namespaceId=public&clientIP=192.168.56.1&serviceName=DEFAULT_GROUP%40%40book-service&udpPort=55080&clusters=DEFAULT HTTP/1.1" 200 890 2 Nacos-Java-Client:v1.4.2 -
127.0.0.1 - - [07/Sep/2024:23:37:27 +0800] "PUT /nacos/v1/ns/instance/beat?app=unknown&serviceName=DEFAULT_GROUP%40%40user-service&namespaceId=public&port=8201&clusterName=DEFAULT&ip=192.168.56.1 HTTP/1.1" 200 75 1 Nacos-Java-Client:v1.4.2 -
127.0.0.1 - - [07/Sep/2024:23:37:32 +0800] "GET /nacos/v1/ns/instance/list?app=unknown&healthyOnly=false&namespaceId=public&clientIP=192.168.56.1&serviceName=DEFAULT_GROUP%40%40borrow-service&udpPort=60361&clusters=haikou HTTP/1.1" 200 579 4 Nacos-Java-Client:v1.4.2 -
0:0:0:0:0:0:0:1 - - [07/Sep/2024:23:37:32 +0800] "PUT /nacos/v1/ns/instance?&accessToken=eyJhbGciOiJIUzI1NiJ9.eyJzdWIiOiJuYWNvcyIsImV4cCI6MTcyNTY1NTg1NH0.tqFVGd3M73hliCCkvgQ4PTHJIwsBrBang9Dl8kUsV7Y&username=nacos HTTP/1.1" 200 2 21 Mozilla/5.0 (Windows NT 10.0; Win64; x64) AppleWebKit/537.36 (KHTML, like Gecko) Chrome/128.0.0.0 Safari/537.36 Edg/128.0.0.0 -
127.0.0.1 - - [07/Sep/2024:23:37:32 +0800] "PUT /nacos/v1/ns/instance/beat?app=unknown&serviceName=DEFAULT_GROUP%40%40user-service&namespaceId=public&port=8201&clusterName=DEFAULT&ip=192.168.56.1 HTTP/1.1" 200 75 4 Nacos-Java-Client:v1.4.2 -
127.0.0.1 - - [07/Sep/2024:23:37:33 +0800] "GET /nacos/v1/ns/instance/list?app=unknown&healthyOnly=false&namespaceId=public&clientIP=192.168.56.1&serviceName=DEFAULT_GROUP%40%40user-service&udpPort=58738&clusters=DEFAULT HTTP/1.1" 200 573 1 Nacos-Java-Client:v1.4.2 -
127.0.0.1 - - [07/Sep/2024:23:37:33 +0800] "GET /nacos/v1/ns/instance/list?app=unknown&healthyOnly=false&namespaceId=public&clientIP=192.168.56.1&serviceName=DEFAULT_GROUP%40%40user-service&udpPort=60361&clusters= HTTP/1.1" 200 566 1 Nacos-Java-Client:v1.4.2 -
127.0.0.1 - - [07/Sep/2024:23:37:35 +0800] "GET /nacos/v1/ns/instance/list?app=unknown&healthyOnly=false&namespaceId=public&clientIP=192.168.56.1&serviceName=DEFAULT_GROUP%40%40book-service&udpPort=60361&clusters= HTTP/1.1" 200 1197 1 Nacos-Java-Client:v1.4.2 -
127.0.0.1 - - [07/Sep/2024:23:37:35 +0800] "GET /nacos/v1/ns/instance/list?app=unknown&healthyOnly=false&namespaceId=public&clientIP=192.168.56.1&serviceName=DEFAULT_GROUP%40%40book-service&udpPort=55079&clusters=haikou HTTP/1.1" 200 257 2 Nacos-Java-Client:v1.4.2 -
127.0.0.1 - - [07/Sep/2024:23:37:37 +0800] "GET /nacos/v1/ns/instance/list?app=unknown&healthyOnly=false&namespaceId=public&clientIP=192.168.56.1&serviceName=DEFAULT_GROUP%40%40book-service&udpPort=55080&clusters=DEFAULT HTTP/1.1" 200 890 2 Nacos-Java-Client:v1.4.2 -
127.0.0.1 - - [07/Sep/2024:23:37:37 +0800] "GET /nacos/v1/ns/instance/list?app=unknown&healthyOnly=false&namespaceId=public&clientIP=192.168.56.1&serviceName=DEFAULT_GROUP%40%40book-service&udpPort=55079&clusters=haikou HTTP/1.1" 200 257 1 Nacos-Java-Client:v1.4.2 -
127.0.0.1 - - [07/Sep/2024:23:37:38 +0800] "PUT /nacos/v1/ns/instance/beat?app=unknown&serviceName=DEFAULT_GROUP%40%40user-service&namespaceId=public&port=8201&clusterName=DEFAULT&ip=192.168.56.1 HTTP/1.1" 200 75 1 Nacos-Java-Client:v1.4.2 -
127.0.0.1 - - [07/Sep/2024:23:37:41 +0800] "GET /nacos/v1/ns/instance/list?app=unknown&healthyOnly=false&namespaceId=public&clientIP=192.168.56.1&serviceName=DEFAULT_GROUP%40%40book-service&udpPort=55079&clusters=haikou HTTP/1.1" 200 257 2 Nacos-Java-Client:v1.4.2 -
127.0.0.1 - - [07/Sep/2024:23:37:42 +0800] "GET /nacos/v1/ns/instance/list?app=unknown&healthyOnly=false&namespaceId=public&clientIP=192.168.56.1&serviceName=DEFAULT_GROUP%40%40borrow-service&udpPort=60361&clusters=haikou HTTP/1.1" 200 579 2 Nacos-Java-Client:v1.4.2 -
127.0.0.1 - - [07/Sep/2024:23:37:43 +0800] "PUT /nacos/v1/ns/instance/beat?app=unknown&serviceName=DEFAULT_GROUP%40%40user-service&namespaceId=public&port=8201&clusterName=DEFAULT&ip=192.168.56.1 HTTP/1.1" 200 75 2 Nacos-Java-Client:v1.4.2 -
127.0.0.1 - - [07/Sep/2024:23:37:43 +0800] "GET /nacos/v1/ns/instance/list?app=unknown&healthyOnly=false&namespaceId=public&clientIP=192.168.56.1&serviceName=DEFAULT_GROUP%40%40user-service&udpPort=58738&clusters=DEFAULT HTTP/1.1" 200 573 1 Nacos-Java-Client:v1.4.2 -
127.0.0.1 - - [07/Sep/2024:23:37:43 +0800] "GET /nacos/v1/ns/instance/list?app=unknown&healthyOnly=false&namespaceId=public&clientIP=192.168.56.1&serviceName=DEFAULT_GROUP%40%40user-service&udpPort=60361&clusters= HTTP/1.1" 200 566 1 Nacos-Java-Client:v1.4.2 -
0:0:0:0:0:0:0:1 - - [07/Sep/2024:23:37:45 +0800] "PUT /nacos/v1/ns/instance?&accessToken=eyJhbGciOiJIUzI1NiJ9.eyJzdWIiOiJuYWNvcyIsImV4cCI6MTcyNTY1NTg1NH0.tqFVGd3M73hliCCkvgQ4PTHJIwsBrBang9Dl8kUsV7Y&username=nacos HTTP/1.1" 200 2 5 Mozilla/5.0 (Windows NT 10.0; Win64; x64) AppleWebKit/537.36 (KHTML, like Gecko) Chrome/128.0.0.0 Safari/537.36 Edg/128.0.0.0 -
127.0.0.1 - - [07/Sep/2024:23:37:45 +0800] "GET /nacos/v1/ns/instance/list?app=unknown&healthyOnly=false&namespaceId=public&clientIP=192.168.56.1&serviceName=DEFAULT_GROUP%40%40book-service&udpPort=60361&clusters= HTTP/1.1" 200 1511 4 Nacos-Java-Client:v1.4.2 -
127.0.0.1 - - [07/Sep/2024:23:37:47 +0800] "GET /nacos/v1/ns/instance/list?app=unknown&healthyOnly=false&namespaceId=public&clientIP=192.168.56.1&serviceName=DEFAULT_GROUP%40%40book-service&udpPort=55080&clusters=DEFAULT HTTP/1.1" 200 890 2 Nacos-Java-Client:v1.4.2 -
127.0.0.1 - - [07/Sep/2024:23:37:48 +0800] "PUT /nacos/v1/ns/instance/beat?app=unknown&serviceName=DEFAULT_GROUP%40%40user-service&namespaceId=public&port=8201&clusterName=DEFAULT&ip=192.168.56.1 HTTP/1.1" 200 75 1 Nacos-Java-Client:v1.4.2 -
127.0.0.1 - - [07/Sep/2024:23:37:49 +0800] "GET /nacos/v1/ns/instance/list?app=unknown&healthyOnly=false&namespaceId=public&clientIP=192.168.56.1&serviceName=DEFAULT_GROUP%40%40book-service&udpPort=55079&clusters=haikou HTTP/1.1" 200 571 3 Nacos-Java-Client:v1.4.2 -
127.0.0.1 - - [07/Sep/2024:23:37:52 +0800] "GET /nacos/v1/ns/instance/list?app=unknown&healthyOnly=false&namespaceId=public&clientIP=192.168.56.1&serviceName=DEFAULT_GROUP%40%40borrow-service&udpPort=60361&clusters=haikou HTTP/1.1" 200 579 6 Nacos-Java-Client:v1.4.2 -
127.0.0.1 - - [07/Sep/2024:23:37:53 +0800] "PUT /nacos/v1/ns/instance/beat?app=unknown&serviceName=DEFAULT_GROUP%40%40user-service&namespaceId=public&port=8201&clusterName=DEFAULT&ip=192.168.56.1 HTTP/1.1" 200 75 1 Nacos-Java-Client:v1.4.2 -
127.0.0.1 - - [07/Sep/2024:23:37:53 +0800] "GET /nacos/v1/ns/instance/list?app=unknown&healthyOnly=false&namespaceId=public&clientIP=192.168.56.1&serviceName=DEFAULT_GROUP%40%40user-service&udpPort=58738&clusters=DEFAULT HTTP/1.1" 200 573 4 Nacos-Java-Client:v1.4.2 -
127.0.0.1 - - [07/Sep/2024:23:37:53 +0800] "GET /nacos/v1/ns/instance/list?app=unknown&healthyOnly=false&namespaceId=public&clientIP=192.168.56.1&serviceName=DEFAULT_GROUP%40%40user-service&udpPort=60361&clusters= HTTP/1.1" 200 566 2 Nacos-Java-Client:v1.4.2 -
0:0:0:0:0:0:0:1 - - [07/Sep/2024:23:37:54 +0800] "GET /nacos/v1/ns/catalog/services?hasIpCount=true&withInstances=false&pageNo=1&pageSize=10&serviceNameParam=&groupNameParam=&accessToken=eyJhbGciOiJIUzI1NiJ9.eyJzdWIiOiJuYWNvcyIsImV4cCI6MTcyNTY1NTg1NH0.tqFVGd3M73hliCCkvgQ4PTHJIwsBrBang9Dl8kUsV7Y&username=nacos&namespaceId= HTTP/1.1" 200 425 2 Mozilla/5.0 (Windows NT 10.0; Win64; x64) AppleWebKit/537.36 (KHTML, like Gecko) Chrome/128.0.0.0 Safari/537.36 Edg/128.0.0.0 -
127.0.0.1 - - [07/Sep/2024:23:37:55 +0800] "GET /nacos/v1/ns/instance/list?app=unknown&healthyOnly=false&namespaceId=public&clientIP=192.168.56.1&serviceName=DEFAULT_GROUP%40%40book-service&udpPort=60361&clusters= HTTP/1.1" 200 1511 1 Nacos-Java-Client:v1.4.2 -
0:0:0:0:0:0:0:1 - - [07/Sep/2024:23:37:56 +0800] "GET /nacos/ HTTP/1.1" 304 - 4 Mozilla/5.0 (Windows NT 10.0; Win64; x64) AppleWebKit/537.36 (KHTML, like Gecko) Chrome/128.0.0.0 Safari/537.36 Edg/128.0.0.0 -
0:0:0:0:0:0:0:1 - - [07/Sep/2024:23:37:56 +0800] "GET /nacos/v1/console/namespaces?&accessToken=eyJhbGciOiJIUzI1NiJ9.eyJzdWIiOiJuYWNvcyIsImV4cCI6MTcyNTY1NTg1NH0.tqFVGd3M73hliCCkvgQ4PTHJIwsBrBang9Dl8kUsV7Y&username=nacos&namespaceId= HTTP/1.1" 200 130 7 Mozilla/5.0 (Windows NT 10.0; Win64; x64) AppleWebKit/537.36 (KHTML, like Gecko) Chrome/128.0.0.0 Safari/537.36 Edg/128.0.0.0 -
0:0:0:0:0:0:0:1 - - [07/Sep/2024:23:37:56 +0800] "GET /nacos/v1/console/server/state?accessToken=eyJhbGciOiJIUzI1NiJ9.eyJzdWIiOiJuYWNvcyIsImV4cCI6MTcyNTY1NTg1NH0.tqFVGd3M73hliCCkvgQ4PTHJIwsBrBang9Dl8kUsV7Y&username=nacos HTTP/1.1" 200 82 7 Mozilla/5.0 (Windows NT 10.0; Win64; x64) AppleWebKit/537.36 (KHTML, like Gecko) Chrome/128.0.0.0 Safari/537.36 Edg/128.0.0.0 -
0:0:0:0:0:0:0:1 - - [07/Sep/2024:23:37:57 +0800] "GET /nacos/v1/ns/catalog/services?hasIpCount=true&withInstances=false&pageNo=1&pageSize=10&serviceNameParam=&groupNameParam=&accessToken=eyJhbGciOiJIUzI1NiJ9.eyJzdWIiOiJuYWNvcyIsImV4cCI6MTcyNTY1NTg1NH0.tqFVGd3M73hliCCkvgQ4PTHJIwsBrBang9Dl8kUsV7Y&username=nacos&namespaceId= HTTP/1.1" 200 425 3 Mozilla/5.0 (Windows NT 10.0; Win64; x64) AppleWebKit/537.36 (KHTML, like Gecko) Chrome/128.0.0.0 Safari/537.36 Edg/128.0.0.0 -
127.0.0.1 - - [07/Sep/2024:23:37:57 +0800] "GET /nacos/v1/ns/instance/list?app=unknown&healthyOnly=false&namespaceId=public&clientIP=192.168.56.1&serviceName=DEFAULT_GROUP%40%40book-service&udpPort=55080&clusters=DEFAULT HTTP/1.1" 200 890 2 Nacos-Java-Client:v1.4.2 -
127.0.0.1 - - [07/Sep/2024:23:37:58 +0800] "PUT /nacos/v1/ns/instance/beat?app=unknown&serviceName=DEFAULT_GROUP%40%40user-service&namespaceId=public&port=8201&clusterName=DEFAULT&ip=192.168.56.1 HTTP/1.1" 200 75 1 Nacos-Java-Client:v1.4.2 -
127.0.0.1 - - [07/Sep/2024:23:37:59 +0800] "GET /nacos/v1/ns/instance/list?app=unknown&healthyOnly=false&namespaceId=public&clientIP=192.168.56.1&serviceName=DEFAULT_GROUP%40%40book-service&udpPort=55079&clusters=haikou HTTP/1.1" 200 571 1 Nacos-Java-Client:v1.4.2 -
0:0:0:0:0:0:0:1 - - [07/Sep/2024:23:38:00 +0800] "GET /nacos/v1/ns/catalog/service?serviceName=book-service&groupName=DEFAULT_GROUP&accessToken=eyJhbGciOiJIUzI1NiJ9.eyJzdWIiOiJuYWNvcyIsImV4cCI6MTcyNTY1NTg1NH0.tqFVGd3M73hliCCkvgQ4PTHJIwsBrBang9Dl8kUsV7Y&username=nacos&namespaceId= HTTP/1.1" 200 837 7 Mozilla/5.0 (Windows NT 10.0; Win64; x64) AppleWebKit/537.36 (KHTML, like Gecko) Chrome/128.0.0.0 Safari/537.36 Edg/128.0.0.0 -
0:0:0:0:0:0:0:1 - - [07/Sep/2024:23:38:00 +0800] "GET /nacos/v1/ns/catalog/instances?&accessToken=eyJhbGciOiJIUzI1NiJ9.eyJzdWIiOiJuYWNvcyIsImV4cCI6MTcyNTY1NTg1NH0.tqFVGd3M73hliCCkvgQ4PTHJIwsBrBang9Dl8kUsV7Y&username=nacos&serviceName=book-service&clusterName=haikou&groupName=DEFAULT_GROUP&pageSize=10&pageNo=1&namespaceId= HTTP/1.1" 200 464 10 Mozilla/5.0 (Windows NT 10.0; Win64; x64) AppleWebKit/537.36 (KHTML, like Gecko) Chrome/128.0.0.0 Safari/537.36 Edg/128.0.0.0 -
0:0:0:0:0:0:0:1 - - [07/Sep/2024:23:38:00 +0800] "GET /nacos/v1/ns/catalog/instances?&accessToken=eyJhbGciOiJIUzI1NiJ9.eyJzdWIiOiJuYWNvcyIsImV4cCI6MTcyNTY1NTg1NH0.tqFVGd3M73hliCCkvgQ4PTHJIwsBrBang9Dl8kUsV7Y&username=nacos&serviceName=book-service&clusterName=DEFAULT&groupName=DEFAULT_GROUP&pageSize=10&pageNo=1&namespaceId= HTTP/1.1" 200 900 10 Mozilla/5.0 (Windows NT 10.0; Win64; x64) AppleWebKit/537.36 (KHTML, like Gecko) Chrome/128.0.0.0 Safari/537.36 Edg/128.0.0.0 -
0:0:0:0:0:0:0:1 - - [07/Sep/2024:23:38:00 +0800] "GET /nacos/v1/ns/catalog/instances?&accessToken=eyJhbGciOiJIUzI1NiJ9.eyJzdWIiOiJuYWNvcyIsImV4cCI6MTcyNTY1NTg1NH0.tqFVGd3M73hliCCkvgQ4PTHJIwsBrBang9Dl8kUsV7Y&username=nacos&serviceName=book-service&clusterName=Haikou&groupName=DEFAULT_GROUP&pageSize=10&pageNo=1&namespaceId= HTTP/1.1" 200 464 15 Mozilla/5.0 (Windows NT 10.0; Win64; x64) AppleWebKit/537.36 (KHTML, like Gecko) Chrome/128.0.0.0 Safari/537.36 Edg/128.0.0.0 -
127.0.0.1 - - [07/Sep/2024:23:38:02 +0800] "GET /nacos/v1/ns/instance/list?app=unknown&healthyOnly=false&namespaceId=public&clientIP=192.168.56.1&serviceName=DEFAULT_GROUP%40%40borrow-service&udpPort=60361&clusters=haikou HTTP/1.1" 200 579 2 Nacos-Java-Client:v1.4.2 -
0:0:0:0:0:0:0:1 - - [07/Sep/2024:23:38:02 +0800] "GET /nacos/v1/ns/catalog/services?hasIpCount=true&withInstances=false&pageNo=1&pageSize=10&serviceNameParam=&groupNameParam=&accessToken=eyJhbGciOiJIUzI1NiJ9.eyJzdWIiOiJuYWNvcyIsImV4cCI6MTcyNTY1NTg1NH0.tqFVGd3M73hliCCkvgQ4PTHJIwsBrBang9Dl8kUsV7Y&username=nacos&namespaceId= HTTP/1.1" 200 425 3 Mozilla/5.0 (Windows NT 10.0; Win64; x64) AppleWebKit/537.36 (KHTML, like Gecko) Chrome/128.0.0.0 Safari/537.36 Edg/128.0.0.0 -
127.0.0.1 - - [07/Sep/2024:23:38:03 +0800] "PUT /nacos/v1/ns/instance/beat?app=unknown&serviceName=DEFAULT_GROUP%40%40user-service&namespaceId=public&port=8201&clusterName=DEFAULT&ip=192.168.56.1 HTTP/1.1" 200 75 1 Nacos-Java-Client:v1.4.2 -
127.0.0.1 - - [07/Sep/2024:23:38:03 +0800] "GET /nacos/v1/ns/instance/list?app=unknown&healthyOnly=false&namespaceId=public&clientIP=192.168.56.1&serviceName=DEFAULT_GROUP%40%40user-service&udpPort=58738&clusters=DEFAULT HTTP/1.1" 200 573 4 Nacos-Java-Client:v1.4.2 -
127.0.0.1 - - [07/Sep/2024:23:38:03 +0800] "GET /nacos/v1/ns/instance/list?app=unknown&healthyOnly=false&namespaceId=public&clientIP=192.168.56.1&serviceName=DEFAULT_GROUP%40%40user-service&udpPort=60361&clusters= HTTP/1.1" 200 566 1 Nacos-Java-Client:v1.4.2 -
127.0.0.1 - - [07/Sep/2024:23:38:05 +0800] "GET /nacos/v1/ns/instance/list?app=unknown&healthyOnly=false&namespaceId=public&clientIP=192.168.56.1&serviceName=DEFAULT_GROUP%40%40book-service&udpPort=60361&clusters= HTTP/1.1" 200 1511 2 Nacos-Java-Client:v1.4.2 -
127.0.0.1 - - [07/Sep/2024:23:38:07 +0800] "GET /nacos/v1/ns/instance/list?app=unknown&healthyOnly=false&namespaceId=public&clientIP=192.168.56.1&serviceName=DEFAULT_GROUP%40%40book-service&udpPort=55080&clusters=DEFAULT HTTP/1.1" 200 890 1 Nacos-Java-Client:v1.4.2 -
127.0.0.1 - - [07/Sep/2024:23:38:08 +0800] "PUT /nacos/v1/ns/instance/beat?app=unknown&serviceName=DEFAULT_GROUP%40%40user-service&namespaceId=public&port=8201&clusterName=DEFAULT&ip=192.168.56.1 HTTP/1.1" 200 75 1 Nacos-Java-Client:v1.4.2 -
127.0.0.1 - - [07/Sep/2024:23:38:10 +0800] "GET /nacos/v1/ns/instance/list?app=unknown&healthyOnly=false&namespaceId=public&clientIP=192.168.56.1&serviceName=DEFAULT_GROUP%40%40book-service&udpPort=55079&clusters=haikou HTTP/1.1" 200 571 2 Nacos-Java-Client:v1.4.2 -
127.0.0.1 - - [07/Sep/2024:23:38:12 +0800] "GET /nacos/v1/ns/instance/list?app=unknown&healthyOnly=false&namespaceId=public&clientIP=192.168.56.1&serviceName=DEFAULT_GROUP%40%40borrow-service&udpPort=60361&clusters=haikou HTTP/1.1" 200 579 1 Nacos-Java-Client:v1.4.2 -
0:0:0:0:0:0:0:1 - - [07/Sep/2024:23:38:12 +0800] "GET /nacos/v1/cs/configs?dataId=&group=&appName=&config_tags=&pageNo=1&pageSize=10&tenant=&search=accurate&accessToken=eyJhbGciOiJIUzI1NiJ9.eyJzdWIiOiJuYWNvcyIsImV4cCI6MTcyNTY1NTg1NH0.tqFVGd3M73hliCCkvgQ4PTHJIwsBrBang9Dl8kUsV7Y&username=nacos HTTP/1.1" 200 76 1 Mozilla/5.0 (Windows NT 10.0; Win64; x64) AppleWebKit/537.36 (KHTML, like Gecko) Chrome/128.0.0.0 Safari/537.36 Edg/128.0.0.0 -
127.0.0.1 - - [07/Sep/2024:23:38:13 +0800] "PUT /nacos/v1/ns/instance/beat?app=unknown&serviceName=DEFAULT_GROUP%40%40user-service&namespaceId=public&port=8201&clusterName=DEFAULT&ip=192.168.56.1 HTTP/1.1" 200 75 1 Nacos-Java-Client:v1.4.2 -
127.0.0.1 - - [07/Sep/2024:23:38:13 +0800] "GET /nacos/v1/ns/instance/list?app=unknown&healthyOnly=false&namespaceId=public&clientIP=192.168.56.1&serviceName=DEFAULT_GROUP%40%40user-service&udpPort=58738&clusters=DEFAULT HTTP/1.1" 200 573 1 Nacos-Java-Client:v1.4.2 -
127.0.0.1 - - [07/Sep/2024:23:38:13 +0800] "GET /nacos/v1/ns/instance/list?app=unknown&healthyOnly=false&namespaceId=public&clientIP=192.168.56.1&serviceName=DEFAULT_GROUP%40%40user-service&udpPort=60361&clusters= HTTP/1.1" 200 566 1 Nacos-Java-Client:v1.4.2 -
127.0.0.1 - - [07/Sep/2024:23:38:15 +0800] "GET /nacos/v1/ns/instance/list?app=unknown&healthyOnly=false&namespaceId=public&clientIP=192.168.56.1&serviceName=DEFAULT_GROUP%40%40book-service&udpPort=60361&clusters= HTTP/1.1" 200 1511 1 Nacos-Java-Client:v1.4.2 -
127.0.0.1 - - [07/Sep/2024:23:38:17 +0800] "GET /nacos/v1/ns/instance/list?app=unknown&healthyOnly=false&namespaceId=public&clientIP=192.168.56.1&serviceName=DEFAULT_GROUP%40%40book-service&udpPort=55080&clusters=DEFAULT HTTP/1.1" 200 890 1 Nacos-Java-Client:v1.4.2 -
127.0.0.1 - - [07/Sep/2024:23:38:18 +0800] "PUT /nacos/v1/ns/instance/beat?app=unknown&serviceName=DEFAULT_GROUP%40%40user-service&namespaceId=public&port=8201&clusterName=DEFAULT&ip=192.168.56.1 HTTP/1.1" 200 75 1 Nacos-Java-Client:v1.4.2 -
127.0.0.1 - - [07/Sep/2024:23:38:20 +0800] "GET /nacos/v1/ns/instance/list?app=unknown&healthyOnly=false&namespaceId=public&clientIP=192.168.56.1&serviceName=DEFAULT_GROUP%40%40book-service&udpPort=55079&clusters=haikou HTTP/1.1" 200 571 2 Nacos-Java-Client:v1.4.2 -
127.0.0.1 - - [07/Sep/2024:23:38:22 +0800] "GET /nacos/v1/ns/instance/list?app=unknown&healthyOnly=false&namespaceId=public&clientIP=192.168.56.1&serviceName=DEFAULT_GROUP%40%40borrow-service&udpPort=60361&clusters=haikou HTTP/1.1" 200 579 2 Nacos-Java-Client:v1.4.2 -
127.0.0.1 - - [07/Sep/2024:23:38:23 +0800] "PUT /nacos/v1/ns/instance/beat?app=unknown&serviceName=DEFAULT_GROUP%40%40user-service&namespaceId=public&port=8201&clusterName=DEFAULT&ip=192.168.56.1 HTTP/1.1" 200 75 2 Nacos-Java-Client:v1.4.2 -
127.0.0.1 - - [07/Sep/2024:23:38:23 +0800] "GET /nacos/v1/ns/instance/list?app=unknown&healthyOnly=false&namespaceId=public&clientIP=192.168.56.1&serviceName=DEFAULT_GROUP%40%40user-service&udpPort=58738&clusters=DEFAULT HTTP/1.1" 200 573 1 Nacos-Java-Client:v1.4.2 -
127.0.0.1 - - [07/Sep/2024:23:38:23 +0800] "GET /nacos/v1/ns/instance/list?app=unknown&healthyOnly=false&namespaceId=public&clientIP=192.168.56.1&serviceName=DEFAULT_GROUP%40%40user-service&udpPort=60361&clusters= HTTP/1.1" 200 566 1 Nacos-Java-Client:v1.4.2 -
127.0.0.1 - - [07/Sep/2024:23:38:25 +0800] "GET /nacos/v1/ns/instance/list?app=unknown&healthyOnly=false&namespaceId=public&clientIP=192.168.56.1&serviceName=DEFAULT_GROUP%40%40book-service&udpPort=60361&clusters= HTTP/1.1" 200 1511 1 Nacos-Java-Client:v1.4.2 -
127.0.0.1 - - [07/Sep/2024:23:38:27 +0800] "GET /nacos/v1/ns/instance/list?app=unknown&healthyOnly=false&namespaceId=public&clientIP=192.168.56.1&serviceName=DEFAULT_GROUP%40%40book-service&udpPort=55080&clusters=DEFAULT HTTP/1.1" 200 890 1 Nacos-Java-Client:v1.4.2 -
127.0.0.1 - - [07/Sep/2024:23:38:28 +0800] "PUT /nacos/v1/ns/instance/beat?app=unknown&serviceName=DEFAULT_GROUP%40%40user-service&namespaceId=public&port=8201&clusterName=DEFAULT&ip=192.168.56.1 HTTP/1.1" 200 75 1 Nacos-Java-Client:v1.4.2 -
127.0.0.1 - - [07/Sep/2024:23:38:30 +0800] "GET /nacos/v1/ns/instance/list?app=unknown&healthyOnly=false&namespaceId=public&clientIP=192.168.56.1&serviceName=DEFAULT_GROUP%40%40book-service&udpPort=55079&clusters=haikou HTTP/1.1" 200 571 1 Nacos-Java-Client:v1.4.2 -
127.0.0.1 - - [07/Sep/2024:23:38:32 +0800] "GET /nacos/v1/ns/instance/list?app=unknown&healthyOnly=false&namespaceId=public&clientIP=192.168.56.1&serviceName=DEFAULT_GROUP%40%40borrow-service&udpPort=60361&clusters=haikou HTTP/1.1" 200 579 1 Nacos-Java-Client:v1.4.2 -
127.0.0.1 - - [07/Sep/2024:23:38:33 +0800] "PUT /nacos/v1/ns/instance/beat?app=unknown&serviceName=DEFAULT_GROUP%40%40user-service&namespaceId=public&port=8201&clusterName=DEFAULT&ip=192.168.56.1 HTTP/1.1" 200 75 1 Nacos-Java-Client:v1.4.2 -
127.0.0.1 - - [07/Sep/2024:23:38:33 +0800] "GET /nacos/v1/ns/instance/list?app=unknown&healthyOnly=false&namespaceId=public&clientIP=192.168.56.1&serviceName=DEFAULT_GROUP%40%40user-service&udpPort=58738&clusters=DEFAULT HTTP/1.1" 200 573 1 Nacos-Java-Client:v1.4.2 -
127.0.0.1 - - [07/Sep/2024:23:38:33 +0800] "GET /nacos/v1/ns/instance/list?app=unknown&healthyOnly=false&namespaceId=public&clientIP=192.168.56.1&serviceName=DEFAULT_GROUP%40%40user-service&udpPort=60361&clusters= HTTP/1.1" 200 566 1 Nacos-Java-Client:v1.4.2 -
127.0.0.1 - - [07/Sep/2024:23:38:35 +0800] "GET /nacos/v1/ns/instance/list?app=unknown&healthyOnly=false&namespaceId=public&clientIP=192.168.56.1&serviceName=DEFAULT_GROUP%40%40book-service&udpPort=60361&clusters= HTTP/1.1" 200 1511 1 Nacos-Java-Client:v1.4.2 -
127.0.0.1 - - [07/Sep/2024:23:38:37 +0800] "GET /nacos/v1/ns/instance/list?app=unknown&healthyOnly=false&namespaceId=public&clientIP=192.168.56.1&serviceName=DEFAULT_GROUP%40%40book-service&udpPort=55080&clusters=DEFAULT HTTP/1.1" 200 890 2 Nacos-Java-Client:v1.4.2 -
127.0.0.1 - - [07/Sep/2024:23:38:38 +0800] "PUT /nacos/v1/ns/instance/beat?app=unknown&serviceName=DEFAULT_GROUP%40%40user-service&namespaceId=public&port=8201&clusterName=DEFAULT&ip=192.168.56.1 HTTP/1.1" 200 75 2 Nacos-Java-Client:v1.4.2 -
127.0.0.1 - - [07/Sep/2024:23:38:40 +0800] "GET /nacos/v1/ns/instance/list?app=unknown&healthyOnly=false&namespaceId=public&clientIP=192.168.56.1&serviceName=DEFAULT_GROUP%40%40book-service&udpPort=55079&clusters=haikou HTTP/1.1" 200 571 1 Nacos-Java-Client:v1.4.2 -
127.0.0.1 - - [07/Sep/2024:23:38:42 +0800] "GET /nacos/v1/ns/instance/list?app=unknown&healthyOnly=false&namespaceId=public&clientIP=192.168.56.1&serviceName=DEFAULT_GROUP%40%40borrow-service&udpPort=60361&clusters=haikou HTTP/1.1" 200 579 1 Nacos-Java-Client:v1.4.2 -
127.0.0.1 - - [07/Sep/2024:23:38:43 +0800] "PUT /nacos/v1/ns/instance/beat?app=unknown&serviceName=DEFAULT_GROUP%40%40user-service&namespaceId=public&port=8201&clusterName=DEFAULT&ip=192.168.56.1 HTTP/1.1" 200 75 1 Nacos-Java-Client:v1.4.2 -
127.0.0.1 - - [07/Sep/2024:23:38:43 +0800] "GET /nacos/v1/ns/instance/list?app=unknown&healthyOnly=false&namespaceId=public&clientIP=192.168.56.1&serviceName=DEFAULT_GROUP%40%40user-service&udpPort=58738&clusters=DEFAULT HTTP/1.1" 200 573 1 Nacos-Java-Client:v1.4.2 -
127.0.0.1 - - [07/Sep/2024:23:38:43 +0800] "GET /nacos/v1/ns/instance/list?app=unknown&healthyOnly=false&namespaceId=public&clientIP=192.168.56.1&serviceName=DEFAULT_GROUP%40%40user-service&udpPort=60361&clusters= HTTP/1.1" 200 566 1 Nacos-Java-Client:v1.4.2 -
0:0:0:0:0:0:0:1 - - [07/Sep/2024:23:38:43 +0800] "GET /nacos/console-ui/public/js/vs/basic-languages/src/yaml.js HTTP/1.1" 200 3869 4 Mozilla/5.0 (Windows NT 10.0; Win64; x64) AppleWebKit/537.36 (KHTML, like Gecko) Chrome/128.0.0.0 Safari/537.36 Edg/128.0.0.0 -
127.0.0.1 - - [07/Sep/2024:23:38:45 +0800] "GET /nacos/v1/ns/instance/list?app=unknown&healthyOnly=false&namespaceId=public&clientIP=192.168.56.1&serviceName=DEFAULT_GROUP%40%40book-service&udpPort=60361&clusters= HTTP/1.1" 200 1511 2 Nacos-Java-Client:v1.4.2 -
127.0.0.1 - - [07/Sep/2024:23:38:47 +0800] "GET /nacos/v1/ns/instance/list?app=unknown&healthyOnly=false&namespaceId=public&clientIP=192.168.56.1&serviceName=DEFAULT_GROUP%40%40book-service&udpPort=55080&clusters=DEFAULT HTTP/1.1" 200 890 2 Nacos-Java-Client:v1.4.2 -
127.0.0.1 - - [07/Sep/2024:23:38:48 +0800] "PUT /nacos/v1/ns/instance/beat?app=unknown&serviceName=DEFAULT_GROUP%40%40user-service&namespaceId=public&port=8201&clusterName=DEFAULT&ip=192.168.56.1 HTTP/1.1" 200 75 1 Nacos-Java-Client:v1.4.2 -
127.0.0.1 - - [07/Sep/2024:23:38:50 +0800] "GET /nacos/v1/ns/instance/list?app=unknown&healthyOnly=false&namespaceId=public&clientIP=192.168.56.1&serviceName=DEFAULT_GROUP%40%40book-service&udpPort=55079&clusters=haikou HTTP/1.1" 200 571 2 Nacos-Java-Client:v1.4.2 -
