127.0.0.1 - - [19/Nov/2024:10:09:21 +0800] "GET /nacos/v1/ns/instance/list?app=unknown&healthyOnly=false&namespaceId=78bef756-8e60-43d9-8239-773b329381b2&clientIP=192.168.56.1&serviceName=DEFAULT_GROUP%40%40book-service&udpPort=57102&clusters=DEFAULT HTTP/1.1" 200 574 99 Nacos-Java-Client:v1.4.2 -
127.0.0.1 - - [19/Nov/2024:10:09:21 +0800] "POST /nacos/v1/ns/instance?app=unknown&groupName=DEFAULT_GROUP&metadata=%7B%22preserved.register.source%22%3A%22SPRING_CLOUD%22%7D&namespaceId=78bef756-8e60-43d9-8239-773b329381b2&port=8101&enable=true&healthy=true&clusterName=DEFAULT&ip=192.168.56.1&weight=1.0&ephemeral=false&serviceName=DEFAULT_GROUP%40%40book-service HTTP/1.1" 200 2 87 Nacos-Java-Client:v1.4.2 -
127.0.0.1 - - [19/Nov/2024:10:09:22 +0800] "GET /nacos/v1/ns/instance/list?app=unknown&healthyOnly=false&namespaceId=78bef756-8e60-43d9-8239-773b329381b2&clientIP=192.168.56.1&serviceName=DEFAULT_GROUP%40%40book-service&udpPort=57102&clusters=DEFAULT HTTP/1.1" 200 574 4 Nacos-Java-Client:v1.4.2 -
127.0.0.1 - - [19/Nov/2024:10:09:22 +0800] "GET /nacos/v1/ns/instance/list?app=unknown&healthyOnly=false&namespaceId=78bef756-8e60-43d9-8239-773b329381b2&clientIP=192.168.56.1&serviceName=DEFAULT_GROUP%40%40book-service&udpPort=57103&clusters=haikou HTTP/1.1" 200 571 3 Nacos-Java-Client:v1.4.2 -
127.0.0.1 - - [19/Nov/2024:10:09:22 +0800] "POST /nacos/v1/ns/instance?app=unknown&groupName=DEFAULT_GROUP&metadata=%7B%22preserved.register.source%22%3A%22SPRING_CLOUD%22%7D&namespaceId=78bef756-8e60-43d9-8239-773b329381b2&port=8102&enable=true&healthy=true&clusterName=haikou&ip=192.168.56.1&weight=1.0&ephemeral=false&serviceName=DEFAULT_GROUP%40%40book-service HTTP/1.1" 200 2 6 Nacos-Java-Client:v1.4.2 -
127.0.0.1 - - [19/Nov/2024:10:09:23 +0800] "GET /nacos/v1/ns/instance/list?app=unknown&healthyOnly=false&namespaceId=78bef756-8e60-43d9-8239-773b329381b2&clientIP=192.168.56.1&serviceName=DEFAULT_GROUP%40%40book-service&udpPort=57103&clusters=haikou HTTP/1.1" 200 571 6 Nacos-Java-Client:v1.4.2 -
127.0.0.1 - - [19/Nov/2024:10:09:32 +0800] "GET /nacos/v1/ns/instance/list?app=unknown&healthyOnly=false&namespaceId=78bef756-8e60-43d9-8239-773b329381b2&clientIP=192.168.56.1&serviceName=DEFAULT_GROUP%40%40book-service&udpPort=57102&clusters=DEFAULT HTTP/1.1" 200 574 7 Nacos-Java-Client:v1.4.2 -
127.0.0.1 - - [19/Nov/2024:10:09:33 +0800] "GET /nacos/v1/ns/instance/list?app=unknown&healthyOnly=false&namespaceId=78bef756-8e60-43d9-8239-773b329381b2&clientIP=192.168.56.1&serviceName=DEFAULT_GROUP%40%40book-service&udpPort=57103&clusters=haikou HTTP/1.1" 200 571 6 Nacos-Java-Client:v1.4.2 -
127.0.0.1 - - [19/Nov/2024:10:09:42 +0800] "GET /nacos/v1/ns/instance/list?app=unknown&healthyOnly=false&namespaceId=78bef756-8e60-43d9-8239-773b329381b2&clientIP=192.168.56.1&serviceName=DEFAULT_GROUP%40%40book-service&udpPort=57102&clusters=DEFAULT HTTP/1.1" 200 574 3 Nacos-Java-Client:v1.4.2 -
127.0.0.1 - - [19/Nov/2024:10:09:43 +0800] "GET /nacos/v1/ns/instance/list?app=unknown&healthyOnly=false&namespaceId=78bef756-8e60-43d9-8239-773b329381b2&clientIP=192.168.56.1&serviceName=DEFAULT_GROUP%40%40book-service&udpPort=57103&clusters=haikou HTTP/1.1" 200 571 4 Nacos-Java-Client:v1.4.2 -
127.0.0.1 - - [19/Nov/2024:10:09:52 +0800] "GET /nacos/v1/ns/instance/list?app=unknown&healthyOnly=false&namespaceId=78bef756-8e60-43d9-8239-773b329381b2&clientIP=192.168.56.1&serviceName=DEFAULT_GROUP%40%40book-service&udpPort=57102&clusters=DEFAULT HTTP/1.1" 200 574 4 Nacos-Java-Client:v1.4.2 -
127.0.0.1 - - [19/Nov/2024:10:09:53 +0800] "GET /nacos/v1/ns/instance/list?app=unknown&healthyOnly=false&namespaceId=78bef756-8e60-43d9-8239-773b329381b2&clientIP=192.168.56.1&serviceName=DEFAULT_GROUP%40%40book-service&udpPort=57103&clusters=haikou HTTP/1.1" 200 571 3 Nacos-Java-Client:v1.4.2 -
127.0.0.1 - - [19/Nov/2024:10:10:02 +0800] "GET /nacos/v1/ns/instance/list?app=unknown&healthyOnly=false&namespaceId=78bef756-8e60-43d9-8239-773b329381b2&clientIP=192.168.56.1&serviceName=DEFAULT_GROUP%40%40book-service&udpPort=57102&clusters=DEFAULT HTTP/1.1" 200 574 3 Nacos-Java-Client:v1.4.2 -
127.0.0.1 - - [19/Nov/2024:10:10:03 +0800] "GET /nacos/v1/ns/instance/list?app=unknown&healthyOnly=false&namespaceId=78bef756-8e60-43d9-8239-773b329381b2&clientIP=192.168.56.1&serviceName=DEFAULT_GROUP%40%40book-service&udpPort=57103&clusters=haikou HTTP/1.1" 200 571 3 Nacos-Java-Client:v1.4.2 -
0:0:0:0:0:0:0:1 - - [19/Nov/2024:10:10:10 +0800] "GET /nacos HTTP/1.1" 302 - 0 Mozilla/5.0 (Windows NT 10.0; Win64; x64) AppleWebKit/537.36 (KHTML, like Gecko) Chrome/131.0.0.0 Safari/537.36 Edg/131.0.0.0 -
0:0:0:0:0:0:0:1 - - [19/Nov/2024:10:10:10 +0800] "GET /nacos/ HTTP/1.1" 200 2624 78 Mozilla/5.0 (Windows NT 10.0; Win64; x64) AppleWebKit/537.36 (KHTML, like Gecko) Chrome/131.0.0.0 Safari/537.36 Edg/131.0.0.0 -
0:0:0:0:0:0:0:1 - - [19/Nov/2024:10:10:10 +0800] "GET /nacos/console-ui/public/css/icon.css HTTP/1.1" 200 5176 10 Mozilla/5.0 (Windows NT 10.0; Win64; x64) AppleWebKit/537.36 (KHTML, like Gecko) Chrome/131.0.0.0 Safari/537.36 Edg/131.0.0.0 -
0:0:0:0:0:0:0:1 - - [19/Nov/2024:10:10:10 +0800] "GET /nacos/console-ui/public/css/console1412.css HTTP/1.1" 200 156959 19 Mozilla/5.0 (Windows NT 10.0; Win64; x64) AppleWebKit/537.36 (KHTML, like Gecko) Chrome/131.0.0.0 Safari/537.36 Edg/131.0.0.0 -
0:0:0:0:0:0:0:1 - - [19/Nov/2024:10:10:10 +0800] "GET /nacos/console-ui/public/css/bootstrap.css HTTP/1.1" 200 123294 19 Mozilla/5.0 (Windows NT 10.0; Win64; x64) AppleWebKit/537.36 (KHTML, like Gecko) Chrome/131.0.0.0 Safari/537.36 Edg/131.0.0.0 -
0:0:0:0:0:0:0:1 - - [19/Nov/2024:10:10:10 +0800] "GET /nacos/console-ui/public/css/merge.css HTTP/1.1" 200 3866 12 Mozilla/5.0 (Windows NT 10.0; Win64; x64) AppleWebKit/537.36 (KHTML, like Gecko) Chrome/131.0.0.0 Safari/537.36 Edg/131.0.0.0 -
0:0:0:0:0:0:0:1 - - [19/Nov/2024:10:10:10 +0800] "GET /nacos/console-ui/public/css/font-awesome.css HTTP/1.1" 200 33850 11 Mozilla/5.0 (Windows NT 10.0; Win64; x64) AppleWebKit/537.36 (KHTML, like Gecko) Chrome/131.0.0.0 Safari/537.36 Edg/131.0.0.0 -
0:0:0:0:0:0:0:1 - - [19/Nov/2024:10:10:10 +0800] "GET /nacos/console-ui/public/css/codemirror.css HTTP/1.1" 200 8858 18 Mozilla/5.0 (Windows NT 10.0; Win64; x64) AppleWebKit/537.36 (KHTML, like Gecko) Chrome/131.0.0.0 Safari/537.36 Edg/131.0.0.0 -
0:0:0:0:0:0:0:1 - - [19/Nov/2024:10:10:10 +0800] "GET /nacos/console-ui/public/js/xml.js HTTP/1.1" 200 13059 16 Mozilla/5.0 (Windows NT 10.0; Win64; x64) AppleWebKit/537.36 (KHTML, like Gecko) Chrome/131.0.0.0 Safari/537.36 Edg/131.0.0.0 -
0:0:0:0:0:0:0:1 - - [19/Nov/2024:10:10:10 +0800] "GET /nacos/console-ui/public/js/javascript.js HTTP/1.1" 200 32209 21 Mozilla/5.0 (Windows NT 10.0; Win64; x64) AppleWebKit/537.36 (KHTML, like Gecko) Chrome/131.0.0.0 Safari/537.36 Edg/131.0.0.0 -
0:0:0:0:0:0:0:1 - - [19/Nov/2024:10:10:10 +0800] "GET /nacos/console-ui/public/js/jquery.js HTTP/1.1" 200 89476 26 Mozilla/5.0 (Windows NT 10.0; Win64; x64) AppleWebKit/537.36 (KHTML, like Gecko) Chrome/131.0.0.0 Safari/537.36 Edg/131.0.0.0 -
0:0:0:0:0:0:0:1 - - [19/Nov/2024:10:10:10 +0800] "GET /nacos/console-ui/public/js/codemirror.js HTTP/1.1" 200 366246 28 Mozilla/5.0 (Windows NT 10.0; Win64; x64) AppleWebKit/537.36 (KHTML, like Gecko) Chrome/131.0.0.0 Safari/537.36 Edg/131.0.0.0 -
0:0:0:0:0:0:0:1 - - [19/Nov/2024:10:10:10 +0800] "GET /nacos/console-ui/public/js/codemirror.addone.fullscreen.js HTTP/1.1" 200 1983 22 Mozilla/5.0 (Windows NT 10.0; Win64; x64) AppleWebKit/537.36 (KHTML, like Gecko) Chrome/131.0.0.0 Safari/537.36 Edg/131.0.0.0 -
0:0:0:0:0:0:0:1 - - [19/Nov/2024:10:10:10 +0800] "GET /nacos/css/main.css HTTP/1.1" 200 457357 37 Mozilla/5.0 (Windows NT 10.0; Win64; x64) AppleWebKit/537.36 (KHTML, like Gecko) Chrome/131.0.0.0 Safari/537.36 Edg/131.0.0.0 -
0:0:0:0:0:0:0:1 - - [19/Nov/2024:10:10:10 +0800] "GET /nacos/console-ui/public/js/codemirror.addone.lint.js HTTP/1.1" 200 8521 12 Mozilla/5.0 (Windows NT 10.0; Win64; x64) AppleWebKit/537.36 (KHTML, like Gecko) Chrome/131.0.0.0 Safari/537.36 Edg/131.0.0.0 -
0:0:0:0:0:0:0:1 - - [19/Nov/2024:10:10:10 +0800] "GET /nacos/console-ui/public/js/codemirror.addone.json-lint.js HTTP/1.1" 200 1443 10 Mozilla/5.0 (Windows NT 10.0; Win64; x64) AppleWebKit/537.36 (KHTML, like Gecko) Chrome/131.0.0.0 Safari/537.36 Edg/131.0.0.0 -
0:0:0:0:0:0:0:1 - - [19/Nov/2024:10:10:10 +0800] "GET /nacos/console-ui/public/js/codemirror.lib.json-lint.js HTTP/1.1" 200 16798 14 Mozilla/5.0 (Windows NT 10.0; Win64; x64) AppleWebKit/537.36 (KHTML, like Gecko) Chrome/131.0.0.0 Safari/537.36 Edg/131.0.0.0 -
0:0:0:0:0:0:0:1 - - [19/Nov/2024:10:10:10 +0800] "GET /nacos/console-ui/public/js/codemirror.lib.clike-lint.js HTTP/1.1" 200 31531 9 Mozilla/5.0 (Windows NT 10.0; Win64; x64) AppleWebKit/537.36 (KHTML, like Gecko) Chrome/131.0.0.0 Safari/537.36 Edg/131.0.0.0 -
0:0:0:0:0:0:0:1 - - [19/Nov/2024:10:10:10 +0800] "GET /nacos/console-ui/public/js/diff_match_patch.js HTTP/1.1" 200 19192 9 Mozilla/5.0 (Windows NT 10.0; Win64; x64) AppleWebKit/537.36 (KHTML, like Gecko) Chrome/131.0.0.0 Safari/537.36 Edg/131.0.0.0 -
0:0:0:0:0:0:0:1 - - [19/Nov/2024:10:10:10 +0800] "GET /nacos/console-ui/public/js/merge.js HTTP/1.1" 200 37883 6 Mozilla/5.0 (Windows NT 10.0; Win64; x64) AppleWebKit/537.36 (KHTML, like Gecko) Chrome/131.0.0.0 Safari/537.36 Edg/131.0.0.0 -
0:0:0:0:0:0:0:1 - - [19/Nov/2024:10:10:10 +0800] "GET /nacos/console-ui/public/js/loader.js HTTP/1.1" 200 28899 4 Mozilla/5.0 (Windows NT 10.0; Win64; x64) AppleWebKit/537.36 (KHTML, like Gecko) Chrome/131.0.0.0 Safari/537.36 Edg/131.0.0.0 -
0:0:0:0:0:0:0:1 - - [19/Nov/2024:10:10:10 +0800] "GET /nacos/js/main.js HTTP/1.1" 200 1459211 33 Mozilla/5.0 (Windows NT 10.0; Win64; x64) AppleWebKit/537.36 (KHTML, like Gecko) Chrome/131.0.0.0 Safari/537.36 Edg/131.0.0.0 -
0:0:0:0:0:0:0:1 - - [19/Nov/2024:10:10:10 +0800] "GET /nacos/console-ui/public/js/vs/editor/editor.main.js HTTP/1.1" 200 1824087 22 Mozilla/5.0 (Windows NT 10.0; Win64; x64) AppleWebKit/537.36 (KHTML, like Gecko) Chrome/131.0.0.0 Safari/537.36 Edg/131.0.0.0 -
0:0:0:0:0:0:0:1 - - [19/Nov/2024:10:10:10 +0800] "GET /nacos/img/logo-2000-390.svg HTTP/1.1" 200 2106 16 Mozilla/5.0 (Windows NT 10.0; Win64; x64) AppleWebKit/537.36 (KHTML, like Gecko) Chrome/131.0.0.0 Safari/537.36 Edg/131.0.0.0 -
0:0:0:0:0:0:0:1 - - [19/Nov/2024:10:10:10 +0800] "GET /nacos/v1/console/server/state?accessToken=eyJhbGciOiJIUzI1NiJ9.eyJzdWIiOiJuYWNvcyIsImV4cCI6MTcyNTY1NTg1NH0.tqFVGd3M73hliCCkvgQ4PTHJIwsBrBang9Dl8kUsV7Y&username=nacos HTTP/1.1" 200 82 27 Mozilla/5.0 (Windows NT 10.0; Win64; x64) AppleWebKit/537.36 (KHTML, like Gecko) Chrome/131.0.0.0 Safari/537.36 Edg/131.0.0.0 -
0:0:0:0:0:0:0:1 - - [19/Nov/2024:10:10:10 +0800] "GET /nacos/console-ui/public/icons/icon-font.woff2 HTTP/1.1" 200 4368 61 Mozilla/5.0 (Windows NT 10.0; Win64; x64) AppleWebKit/537.36 (KHTML, like Gecko) Chrome/131.0.0.0 Safari/537.36 Edg/131.0.0.0 -
0:0:0:0:0:0:0:1 - - [19/Nov/2024:10:10:10 +0800] "GET /nacos/v1/console/namespaces?&accessToken=eyJhbGciOiJIUzI1NiJ9.eyJzdWIiOiJuYWNvcyIsImV4cCI6MTcyNTY1NTg1NH0.tqFVGd3M73hliCCkvgQ4PTHJIwsBrBang9Dl8kUsV7Y&username=nacos&namespaceId= HTTP/1.1" 200 246 22 Mozilla/5.0 (Windows NT 10.0; Win64; x64) AppleWebKit/537.36 (KHTML, like Gecko) Chrome/131.0.0.0 Safari/537.36 Edg/131.0.0.0 -
0:0:0:0:0:0:0:1 - - [19/Nov/2024:10:10:10 +0800] "GET /nacos/console-ui/public/js/vs/editor/editor.main.css HTTP/1.1" 200 172199 8 Mozilla/5.0 (Windows NT 10.0; Win64; x64) AppleWebKit/537.36 (KHTML, like Gecko) Chrome/131.0.0.0 Safari/537.36 Edg/131.0.0.0 -
0:0:0:0:0:0:0:1 - - [19/Nov/2024:10:10:10 +0800] "GET /nacos/console-ui/public/js/vs/editor/editor.main.nls.zh-cn.js HTTP/1.1" 200 22864 6 Mozilla/5.0 (Windows NT 10.0; Win64; x64) AppleWebKit/537.36 (KHTML, like Gecko) Chrome/131.0.0.0 Safari/537.36 Edg/131.0.0.0 -
0:0:0:0:0:0:0:1 - - [19/Nov/2024:10:10:10 +0800] "GET /nacos/v1/cs/configs?dataId=&group=&appName=&config_tags=&pageNo=1&pageSize=10&tenant=&search=accurate&accessToken=eyJhbGciOiJIUzI1NiJ9.eyJzdWIiOiJuYWNvcyIsImV4cCI6MTcyNTY1NTg1NH0.tqFVGd3M73hliCCkvgQ4PTHJIwsBrBang9Dl8kUsV7Y&username=nacos HTTP/1.1" 200 424 64 Mozilla/5.0 (Windows NT 10.0; Win64; x64) AppleWebKit/537.36 (KHTML, like Gecko) Chrome/131.0.0.0 Safari/537.36 Edg/131.0.0.0 -
0:0:0:0:0:0:0:1 - - [19/Nov/2024:10:10:11 +0800] "GET /nacos/console-ui/public/img/favicon.ico HTTP/1.1" 200 4286 14 Mozilla/5.0 (Windows NT 10.0; Win64; x64) AppleWebKit/537.36 (KHTML, like Gecko) Chrome/131.0.0.0 Safari/537.36 Edg/131.0.0.0 -
127.0.0.1 - - [19/Nov/2024:10:10:12 +0800] "GET /nacos/v1/ns/instance/list?app=unknown&healthyOnly=false&namespaceId=78bef756-8e60-43d9-8239-773b329381b2&clientIP=192.168.56.1&serviceName=DEFAULT_GROUP%40%40book-service&udpPort=57102&clusters=DEFAULT HTTP/1.1" 200 574 3 Nacos-Java-Client:v1.4.2 -
127.0.0.1 - - [19/Nov/2024:10:10:13 +0800] "GET /nacos/v1/ns/instance/list?app=unknown&healthyOnly=false&namespaceId=78bef756-8e60-43d9-8239-773b329381b2&clientIP=192.168.56.1&serviceName=DEFAULT_GROUP%40%40book-service&udpPort=57103&clusters=haikou HTTP/1.1" 200 571 2 Nacos-Java-Client:v1.4.2 -
0:0:0:0:0:0:0:1 - - [19/Nov/2024:10:10:15 +0800] "GET /nacos/v1/cs/history?search=accurate&dataId=user-service-dev.yaml&group=DEFAULT_GROUP&&pageNo=1&pageSize=10&tenant=&accessToken=eyJhbGciOiJIUzI1NiJ9.eyJzdWIiOiJuYWNvcyIsImV4cCI6MTcyNTY1NTg1NH0.tqFVGd3M73hliCCkvgQ4PTHJIwsBrBang9Dl8kUsV7Y&username=nacos&namespaceId= HTTP/1.1" 200 664 56 Mozilla/5.0 (Windows NT 10.0; Win64; x64) AppleWebKit/537.36 (KHTML, like Gecko) Chrome/131.0.0.0 Safari/537.36 Edg/131.0.0.0 -
0:0:0:0:0:0:0:1 - - [19/Nov/2024:10:10:17 +0800] "GET /nacos/v1/cs/history?dataId=user-service-dev.yaml&group=DEFAULT_GROUP&nid=2&tenant=&accessToken=eyJhbGciOiJIUzI1NiJ9.eyJzdWIiOiJuYWNvcyIsImV4cCI6MTcyNTY1NTg1NH0.tqFVGd3M73hliCCkvgQ4PTHJIwsBrBang9Dl8kUsV7Y&username=nacos&namespaceId= HTTP/1.1" 200 526 18 Mozilla/5.0 (Windows NT 10.0; Win64; x64) AppleWebKit/537.36 (KHTML, like Gecko) Chrome/131.0.0.0 Safari/537.36 Edg/131.0.0.0 -
0:0:0:0:0:0:0:1 - - [19/Nov/2024:10:10:18 +0800] "GET /nacos/v1/cs/history?search=accurate&dataId=user-service-dev.yaml&group=DEFAULT_GROUP&&pageNo=1&pageSize=10&tenant=&accessToken=eyJhbGciOiJIUzI1NiJ9.eyJzdWIiOiJuYWNvcyIsImV4cCI6MTcyNTY1NTg1NH0.tqFVGd3M73hliCCkvgQ4PTHJIwsBrBang9Dl8kUsV7Y&username=nacos&namespaceId= HTTP/1.1" 200 664 13 Mozilla/5.0 (Windows NT 10.0; Win64; x64) AppleWebKit/537.36 (KHTML, like Gecko) Chrome/131.0.0.0 Safari/537.36 Edg/131.0.0.0 -
0:0:0:0:0:0:0:1 - - [19/Nov/2024:10:10:19 +0800] "GET /nacos/v1/cs/history?dataId=user-service-dev.yaml&group=DEFAULT_GROUP&nid=1&tenant=&accessToken=eyJhbGciOiJIUzI1NiJ9.eyJzdWIiOiJuYWNvcyIsImV4cCI6MTcyNTY1NTg1NH0.tqFVGd3M73hliCCkvgQ4PTHJIwsBrBang9Dl8kUsV7Y&username=nacos&namespaceId= HTTP/1.1" 200 526 8 Mozilla/5.0 (Windows NT 10.0; Win64; x64) AppleWebKit/537.36 (KHTML, like Gecko) Chrome/131.0.0.0 Safari/537.36 Edg/131.0.0.0 -
0:0:0:0:0:0:0:1 - - [19/Nov/2024:10:10:21 +0800] "GET /nacos/v1/cs/history?search=accurate&dataId=user-service-dev.yaml&group=DEFAULT_GROUP&&pageNo=1&pageSize=10&tenant=&accessToken=eyJhbGciOiJIUzI1NiJ9.eyJzdWIiOiJuYWNvcyIsImV4cCI6MTcyNTY1NTg1NH0.tqFVGd3M73hliCCkvgQ4PTHJIwsBrBang9Dl8kUsV7Y&username=nacos&namespaceId= HTTP/1.1" 200 664 9 Mozilla/5.0 (Windows NT 10.0; Win64; x64) AppleWebKit/537.36 (KHTML, like Gecko) Chrome/131.0.0.0 Safari/537.36 Edg/131.0.0.0 -
0:0:0:0:0:0:0:1 - - [19/Nov/2024:10:10:22 +0800] "GET /nacos/v1/cs/history?dataId=user-service-dev.yaml&group=DEFAULT_GROUP&nid=2&tenant=&accessToken=eyJhbGciOiJIUzI1NiJ9.eyJzdWIiOiJuYWNvcyIsImV4cCI6MTcyNTY1NTg1NH0.tqFVGd3M73hliCCkvgQ4PTHJIwsBrBang9Dl8kUsV7Y&username=nacos&namespaceId= HTTP/1.1" 200 526 7 Mozilla/5.0 (Windows NT 10.0; Win64; x64) AppleWebKit/537.36 (KHTML, like Gecko) Chrome/131.0.0.0 Safari/537.36 Edg/131.0.0.0 -
127.0.0.1 - - [19/Nov/2024:10:10:22 +0800] "GET /nacos/v1/ns/instance/list?app=unknown&healthyOnly=false&namespaceId=78bef756-8e60-43d9-8239-773b329381b2&clientIP=192.168.56.1&serviceName=DEFAULT_GROUP%40%40book-service&udpPort=57102&clusters=DEFAULT HTTP/1.1" 200 574 3 Nacos-Java-Client:v1.4.2 -
127.0.0.1 - - [19/Nov/2024:10:10:23 +0800] "GET /nacos/v1/ns/instance/list?app=unknown&healthyOnly=false&namespaceId=78bef756-8e60-43d9-8239-773b329381b2&clientIP=192.168.56.1&serviceName=DEFAULT_GROUP%40%40book-service&udpPort=57103&clusters=haikou HTTP/1.1" 200 571 4 Nacos-Java-Client:v1.4.2 -
0:0:0:0:0:0:0:1 - - [19/Nov/2024:10:10:25 +0800] "GET /nacos/v1/cs/history?search=accurate&dataId=user-service-dev.yaml&group=DEFAULT_GROUP&&pageNo=1&pageSize=10&tenant=&accessToken=eyJhbGciOiJIUzI1NiJ9.eyJzdWIiOiJuYWNvcyIsImV4cCI6MTcyNTY1NTg1NH0.tqFVGd3M73hliCCkvgQ4PTHJIwsBrBang9Dl8kUsV7Y&username=nacos&namespaceId= HTTP/1.1" 200 664 13 Mozilla/5.0 (Windows NT 10.0; Win64; x64) AppleWebKit/537.36 (KHTML, like Gecko) Chrome/131.0.0.0 Safari/537.36 Edg/131.0.0.0 -
127.0.0.1 - - [19/Nov/2024:10:10:32 +0800] "GET /nacos/v1/ns/instance/list?app=unknown&healthyOnly=false&namespaceId=78bef756-8e60-43d9-8239-773b329381b2&clientIP=192.168.56.1&serviceName=DEFAULT_GROUP%40%40book-service&udpPort=57102&clusters=DEFAULT HTTP/1.1" 200 574 3 Nacos-Java-Client:v1.4.2 -
127.0.0.1 - - [19/Nov/2024:10:10:33 +0800] "GET /nacos/v1/ns/instance/list?app=unknown&healthyOnly=false&namespaceId=78bef756-8e60-43d9-8239-773b329381b2&clientIP=192.168.56.1&serviceName=DEFAULT_GROUP%40%40book-service&udpPort=57103&clusters=haikou HTTP/1.1" 200 571 15 Nacos-Java-Client:v1.4.2 -
127.0.0.1 - - [19/Nov/2024:10:10:42 +0800] "GET /nacos/v1/ns/instance/list?app=unknown&healthyOnly=false&namespaceId=78bef756-8e60-43d9-8239-773b329381b2&clientIP=192.168.56.1&serviceName=DEFAULT_GROUP%40%40book-service&udpPort=57102&clusters=DEFAULT HTTP/1.1" 200 574 2 Nacos-Java-Client:v1.4.2 -
127.0.0.1 - - [19/Nov/2024:10:10:43 +0800] "GET /nacos/v1/ns/instance/list?app=unknown&healthyOnly=false&namespaceId=78bef756-8e60-43d9-8239-773b329381b2&clientIP=192.168.56.1&serviceName=DEFAULT_GROUP%40%40book-service&udpPort=57103&clusters=haikou HTTP/1.1" 200 571 0 Nacos-Java-Client:v1.4.2 -
127.0.0.1 - - [19/Nov/2024:10:10:50 +0800] "GET /nacos/v1/ns/instance/list?app=unknown&healthyOnly=false&namespaceId=78bef756-8e60-43d9-8239-773b329381b2&clientIP=192.168.56.1&serviceName=DEFAULT_GROUP%40%40borrow-service&udpPort=55303&clusters=haikou HTTP/1.1" 200 579 2 Nacos-Java-Client:v1.4.2 -
127.0.0.1 - - [19/Nov/2024:10:10:50 +0800] "POST /nacos/v1/ns/instance?app=unknown&groupName=DEFAULT_GROUP&metadata=%7B%22preserved.register.source%22%3A%22SPRING_CLOUD%22%7D&namespaceId=78bef756-8e60-43d9-8239-773b329381b2&port=8301&enable=true&healthy=true&clusterName=haikou&ip=192.168.56.1&weight=1.0&ephemeral=false&serviceName=DEFAULT_GROUP%40%40borrow-service HTTP/1.1" 200 2 5 Nacos-Java-Client:v1.4.2 -
127.0.0.1 - - [19/Nov/2024:10:10:51 +0800] "GET /nacos/v1/ns/instance/list?app=unknown&healthyOnly=false&namespaceId=78bef756-8e60-43d9-8239-773b329381b2&clientIP=192.168.56.1&serviceName=DEFAULT_GROUP%40%40borrow-service&udpPort=55303&clusters=haikou HTTP/1.1" 200 579 3 Nacos-Java-Client:v1.4.2 -
127.0.0.1 - - [19/Nov/2024:10:10:52 +0800] "GET /nacos/v1/ns/instance/list?app=unknown&healthyOnly=false&namespaceId=78bef756-8e60-43d9-8239-773b329381b2&clientIP=192.168.56.1&serviceName=DEFAULT_GROUP%40%40book-service&udpPort=57102&clusters=DEFAULT HTTP/1.1" 200 574 3 Nacos-Java-Client:v1.4.2 -
0:0:0:0:0:0:0:1 - - [19/Nov/2024:10:10:53 +0800] "GET /nacos/v1/cs/configs?dataId=&group=&appName=&config_tags=&pageNo=1&pageSize=10&tenant=&search=accurate&accessToken=eyJhbGciOiJIUzI1NiJ9.eyJzdWIiOiJuYWNvcyIsImV4cCI6MTcyNTY1NTg1NH0.tqFVGd3M73hliCCkvgQ4PTHJIwsBrBang9Dl8kUsV7Y&username=nacos HTTP/1.1" 200 424 11 Mozilla/5.0 (Windows NT 10.0; Win64; x64) AppleWebKit/537.36 (KHTML, like Gecko) Chrome/131.0.0.0 Safari/537.36 Edg/131.0.0.0 -
127.0.0.1 - - [19/Nov/2024:10:10:53 +0800] "GET /nacos/v1/ns/instance/list?app=unknown&healthyOnly=false&namespaceId=78bef756-8e60-43d9-8239-773b329381b2&clientIP=192.168.56.1&serviceName=DEFAULT_GROUP%40%40book-service&udpPort=57103&clusters=haikou HTTP/1.1" 200 571 4 Nacos-Java-Client:v1.4.2 -
127.0.0.1 - - [19/Nov/2024:10:10:54 +0800] "GET /nacos/v1/cs/configs?dataId=user-service&group=DEFAULT_GROUP HTTP/1.1" 404 23 12 Java/1.8.0_422 -
127.0.0.1 - - [19/Nov/2024:10:10:55 +0800] "GET /nacos/v1/cs/configs?dataId=user-service.yaml&group=DEFAULT_GROUP HTTP/1.1" 404 23 2 Java/1.8.0_422 -
127.0.0.1 - - [19/Nov/2024:10:10:55 +0800] "GET /nacos/v1/cs/configs?dataId=user-service-dev.yaml&group=DEFAULT_GROUP HTTP/1.1" 200 204 16 Java/1.8.0_422 -
127.0.0.1 - - [19/Nov/2024:10:10:56 +0800] "GET /nacos/v1/ns/instance/list?app=unknown&healthyOnly=false&namespaceId=78bef756-8e60-43d9-8239-773b329381b2&clientIP=192.168.56.1&serviceName=DEFAULT_GROUP%40%40user-service&udpPort=63170&clusters=DEFAULT HTTP/1.1" 200 101 1 Nacos-Java-Client:v1.4.2 -
127.0.0.1 - - [19/Nov/2024:10:10:56 +0800] "POST /nacos/v1/ns/instance?app=unknown&groupName=DEFAULT_GROUP&metadata=%7B%22preserved.register.source%22%3A%22SPRING_CLOUD%22%7D&namespaceId=78bef756-8e60-43d9-8239-773b329381b2&port=8201&enable=true&healthy=true&clusterName=DEFAULT&ip=192.168.56.1&weight=1.0&ephemeral=true&serviceName=DEFAULT_GROUP%40%40user-service HTTP/1.1" 200 2 4 Nacos-Java-Client:v1.4.2 -
127.0.0.1 - - [19/Nov/2024:10:10:56 +0800] "POST /nacos/v1/cs/configs/listener HTTP/1.1" 200 - 3 Java/1.8.0_422 -
0:0:0:0:0:0:0:1 - - [19/Nov/2024:10:10:56 +0800] "GET /nacos/v1/ns/catalog/services?hasIpCount=true&withInstances=false&pageNo=1&pageSize=10&serviceNameParam=&groupNameParam=&accessToken=eyJhbGciOiJIUzI1NiJ9.eyJzdWIiOiJuYWNvcyIsImV4cCI6MTcyNTY1NTg1NH0.tqFVGd3M73hliCCkvgQ4PTHJIwsBrBang9Dl8kUsV7Y&username=nacos&namespaceId= HTTP/1.1" 200 296 20 Mozilla/5.0 (Windows NT 10.0; Win64; x64) AppleWebKit/537.36 (KHTML, like Gecko) Chrome/131.0.0.0 Safari/537.36 Edg/131.0.0.0 -
127.0.0.1 - - [19/Nov/2024:10:10:57 +0800] "GET /nacos/v1/ns/instance/list?app=unknown&healthyOnly=false&namespaceId=78bef756-8e60-43d9-8239-773b329381b2&clientIP=192.168.56.1&serviceName=DEFAULT_GROUP%40%40user-service&udpPort=63170&clusters=DEFAULT HTTP/1.1" 200 573 4 Nacos-Java-Client:v1.4.2 -
0:0:0:0:0:0:0:1 - - [19/Nov/2024:10:11:00 +0800] "GET /nacos/console-ui/public/js/vs/language/json/jsonMode.js HTTP/1.1" 200 36549 3 Mozilla/5.0 (Windows NT 10.0; Win64; x64) AppleWebKit/537.36 (KHTML, like Gecko) Chrome/131.0.0.0 Safari/537.36 Edg/131.0.0.0 -
0:0:0:0:0:0:0:1 - - [19/Nov/2024:10:11:00 +0800] "GET /nacos/console-ui/public/js/vs/base/worker/workerMain.js HTTP/1.1" 200 151535 5 Mozilla/5.0 (Windows NT 10.0; Win64; x64) AppleWebKit/537.36 (KHTML, like Gecko) Chrome/131.0.0.0 Safari/537.36 Edg/131.0.0.0 -
0:0:0:0:0:0:0:1 - - [19/Nov/2024:10:11:00 +0800] "GET /nacos/v1/ns/catalog/service?serviceName=book-service&groupName=DEFAULT_GROUP&accessToken=eyJhbGciOiJIUzI1NiJ9.eyJzdWIiOiJuYWNvcyIsImV4cCI6MTcyNTY1NTg1NH0.tqFVGd3M73hliCCkvgQ4PTHJIwsBrBang9Dl8kUsV7Y&username=nacos&namespaceId= HTTP/1.1" 200 837 7 Mozilla/5.0 (Windows NT 10.0; Win64; x64) AppleWebKit/537.36 (KHTML, like Gecko) Chrome/131.0.0.0 Safari/537.36 Edg/131.0.0.0 -
0:0:0:0:0:0:0:1 - - [19/Nov/2024:10:11:00 +0800] "GET /nacos/v1/ns/catalog/instances?&accessToken=eyJhbGciOiJIUzI1NiJ9.eyJzdWIiOiJuYWNvcyIsImV4cCI6MTcyNTY1NTg1NH0.tqFVGd3M73hliCCkvgQ4PTHJIwsBrBang9Dl8kUsV7Y&username=nacos&serviceName=book-service&clusterName=haikou&groupName=DEFAULT_GROUP&pageSize=10&pageNo=1&namespaceId= HTTP/1.1" 200 464 18 Mozilla/5.0 (Windows NT 10.0; Win64; x64) AppleWebKit/537.36 (KHTML, like Gecko) Chrome/131.0.0.0 Safari/537.36 Edg/131.0.0.0 -
0:0:0:0:0:0:0:1 - - [19/Nov/2024:10:11:00 +0800] "GET /nacos/v1/ns/catalog/instances?&accessToken=eyJhbGciOiJIUzI1NiJ9.eyJzdWIiOiJuYWNvcyIsImV4cCI6MTcyNTY1NTg1NH0.tqFVGd3M73hliCCkvgQ4PTHJIwsBrBang9Dl8kUsV7Y&username=nacos&serviceName=book-service&clusterName=Haikou&groupName=DEFAULT_GROUP&pageSize=10&pageNo=1&namespaceId= HTTP/1.1" 200 464 19 Mozilla/5.0 (Windows NT 10.0; Win64; x64) AppleWebKit/537.36 (KHTML, like Gecko) Chrome/131.0.0.0 Safari/537.36 Edg/131.0.0.0 -
0:0:0:0:0:0:0:1 - - [19/Nov/2024:10:11:00 +0800] "GET /nacos/v1/ns/catalog/instances?&accessToken=eyJhbGciOiJIUzI1NiJ9.eyJzdWIiOiJuYWNvcyIsImV4cCI6MTcyNTY1NTg1NH0.tqFVGd3M73hliCCkvgQ4PTHJIwsBrBang9Dl8kUsV7Y&username=nacos&serviceName=book-service&clusterName=DEFAULT&groupName=DEFAULT_GROUP&pageSize=10&pageNo=1&namespaceId= HTTP/1.1" 200 900 19 Mozilla/5.0 (Windows NT 10.0; Win64; x64) AppleWebKit/537.36 (KHTML, like Gecko) Chrome/131.0.0.0 Safari/537.36 Edg/131.0.0.0 -
0:0:0:0:0:0:0:1 - - [19/Nov/2024:10:11:00 +0800] "GET /nacos/console-ui/public/js/vs/language/json/jsonWorker.js HTTP/1.1" 200 93035 3 Mozilla/5.0 (Windows NT 10.0; Win64; x64) AppleWebKit/537.36 (KHTML, like Gecko) Chrome/131.0.0.0 Safari/537.36 Edg/131.0.0.0 -
127.0.0.1 - - [19/Nov/2024:10:11:01 +0800] "GET /nacos/v1/ns/instance/list?app=unknown&healthyOnly=false&namespaceId=78bef756-8e60-43d9-8239-773b329381b2&clientIP=192.168.56.1&serviceName=DEFAULT_GROUP%40%40borrow-service&udpPort=55303&clusters=haikou HTTP/1.1" 200 579 2 Nacos-Java-Client:v1.4.2 -
127.0.0.1 - - [19/Nov/2024:10:11:01 +0800] "PUT /nacos/v1/ns/instance/beat?app=unknown&serviceName=DEFAULT_GROUP%40%40user-service&namespaceId=78bef756-8e60-43d9-8239-773b329381b2&port=8201&clusterName=DEFAULT&ip=192.168.56.1 HTTP/1.1" 200 75 5 Nacos-Java-Client:v1.4.2 -
127.0.0.1 - - [19/Nov/2024:10:11:02 +0800] "GET /nacos/v1/ns/instance/list?app=unknown&healthyOnly=false&namespaceId=78bef756-8e60-43d9-8239-773b329381b2&clientIP=192.168.56.1&serviceName=DEFAULT_GROUP%40%40book-service&udpPort=57102&clusters=DEFAULT HTTP/1.1" 200 574 2 Nacos-Java-Client:v1.4.2 -
127.0.0.1 - - [19/Nov/2024:10:11:03 +0800] "GET /nacos/v1/ns/instance/list?app=unknown&healthyOnly=false&namespaceId=78bef756-8e60-43d9-8239-773b329381b2&clientIP=192.168.56.1&serviceName=DEFAULT_GROUP%40%40book-service&udpPort=57103&clusters=haikou HTTP/1.1" 200 571 4 Nacos-Java-Client:v1.4.2 -
127.0.0.1 - - [19/Nov/2024:10:11:06 +0800] "PUT /nacos/v1/ns/instance/beat?app=unknown&serviceName=DEFAULT_GROUP%40%40user-service&namespaceId=78bef756-8e60-43d9-8239-773b329381b2&port=8201&clusterName=DEFAULT&ip=192.168.56.1 HTTP/1.1" 200 75 2 Nacos-Java-Client:v1.4.2 -
127.0.0.1 - - [19/Nov/2024:10:11:07 +0800] "GET /nacos/v1/ns/instance/list?app=unknown&healthyOnly=false&namespaceId=78bef756-8e60-43d9-8239-773b329381b2&clientIP=192.168.56.1&serviceName=DEFAULT_GROUP%40%40user-service&udpPort=63170&clusters=DEFAULT HTTP/1.1" 200 573 6 Nacos-Java-Client:v1.4.2 -
0:0:0:0:0:0:0:1 - - [19/Nov/2024:10:11:09 +0800] "GET /nacos/v1/ns/catalog/services?hasIpCount=true&withInstances=false&pageNo=1&pageSize=10&serviceNameParam=&groupNameParam=&accessToken=eyJhbGciOiJIUzI1NiJ9.eyJzdWIiOiJuYWNvcyIsImV4cCI6MTcyNTY1NTg1NH0.tqFVGd3M73hliCCkvgQ4PTHJIwsBrBang9Dl8kUsV7Y&username=nacos&namespaceId= HTTP/1.1" 200 297 8 Mozilla/5.0 (Windows NT 10.0; Win64; x64) AppleWebKit/537.36 (KHTML, like Gecko) Chrome/131.0.0.0 Safari/537.36 Edg/131.0.0.0 -
127.0.0.1 - - [19/Nov/2024:10:11:11 +0800] "GET /nacos/v1/ns/instance/list?app=unknown&healthyOnly=false&namespaceId=78bef756-8e60-43d9-8239-773b329381b2&clientIP=192.168.56.1&serviceName=DEFAULT_GROUP%40%40borrow-service&udpPort=55303&clusters=haikou HTTP/1.1" 200 579 0 Nacos-Java-Client:v1.4.2 -
127.0.0.1 - - [19/Nov/2024:10:11:11 +0800] "PUT /nacos/v1/ns/instance/beat?app=unknown&serviceName=DEFAULT_GROUP%40%40user-service&namespaceId=78bef756-8e60-43d9-8239-773b329381b2&port=8201&clusterName=DEFAULT&ip=192.168.56.1 HTTP/1.1" 200 75 0 Nacos-Java-Client:v1.4.2 -
127.0.0.1 - - [19/Nov/2024:10:11:12 +0800] "GET /nacos/v1/ns/instance/list?app=unknown&healthyOnly=false&namespaceId=78bef756-8e60-43d9-8239-773b329381b2&clientIP=192.168.56.1&serviceName=DEFAULT_GROUP%40%40book-service&udpPort=57102&clusters=DEFAULT HTTP/1.1" 200 574 0 Nacos-Java-Client:v1.4.2 -
0:0:0:0:0:0:0:1 - - [19/Nov/2024:10:11:13 +0800] "GET /nacos/v1/ns/catalog/services?hasIpCount=true&withInstances=false&pageNo=1&pageSize=10&serviceNameParam=&groupNameParam=&accessToken=eyJhbGciOiJIUzI1NiJ9.eyJzdWIiOiJuYWNvcyIsImV4cCI6MTcyNTY1NTg1NH0.tqFVGd3M73hliCCkvgQ4PTHJIwsBrBang9Dl8kUsV7Y&username=nacos&namespaceId= HTTP/1.1" 200 297 6 Mozilla/5.0 (Windows NT 10.0; Win64; x64) AppleWebKit/537.36 (KHTML, like Gecko) Chrome/131.0.0.0 Safari/537.36 Edg/131.0.0.0 -
127.0.0.1 - - [19/Nov/2024:10:11:13 +0800] "GET /nacos/v1/ns/instance/list?app=unknown&healthyOnly=false&namespaceId=78bef756-8e60-43d9-8239-773b329381b2&clientIP=192.168.56.1&serviceName=DEFAULT_GROUP%40%40book-service&udpPort=57103&clusters=haikou HTTP/1.1" 200 571 0 Nacos-Java-Client:v1.4.2 -
0:0:0:0:0:0:0:1 - - [19/Nov/2024:10:11:15 +0800] "GET /nacos/ HTTP/1.1" 304 - 11 Mozilla/5.0 (Windows NT 10.0; Win64; x64) AppleWebKit/537.36 (KHTML, like Gecko) Chrome/131.0.0.0 Safari/537.36 Edg/131.0.0.0 -
0:0:0:0:0:0:0:1 - - [19/Nov/2024:10:11:16 +0800] "GET /nacos/v1/console/namespaces?&accessToken=eyJhbGciOiJIUzI1NiJ9.eyJzdWIiOiJuYWNvcyIsImV4cCI6MTcyNTY1NTg1NH0.tqFVGd3M73hliCCkvgQ4PTHJIwsBrBang9Dl8kUsV7Y&username=nacos&namespaceId= HTTP/1.1" 200 246 7 Mozilla/5.0 (Windows NT 10.0; Win64; x64) AppleWebKit/537.36 (KHTML, like Gecko) Chrome/131.0.0.0 Safari/537.36 Edg/131.0.0.0 -
0:0:0:0:0:0:0:1 - - [19/Nov/2024:10:11:16 +0800] "GET /nacos/v1/console/server/state?accessToken=eyJhbGciOiJIUzI1NiJ9.eyJzdWIiOiJuYWNvcyIsImV4cCI6MTcyNTY1NTg1NH0.tqFVGd3M73hliCCkvgQ4PTHJIwsBrBang9Dl8kUsV7Y&username=nacos HTTP/1.1" 200 82 4 Mozilla/5.0 (Windows NT 10.0; Win64; x64) AppleWebKit/537.36 (KHTML, like Gecko) Chrome/131.0.0.0 Safari/537.36 Edg/131.0.0.0 -
0:0:0:0:0:0:0:1 - - [19/Nov/2024:10:11:16 +0800] "GET /nacos/v1/ns/catalog/services?hasIpCount=true&withInstances=false&pageNo=1&pageSize=10&serviceNameParam=&groupNameParam=&accessToken=eyJhbGciOiJIUzI1NiJ9.eyJzdWIiOiJuYWNvcyIsImV4cCI6MTcyNTY1NTg1NH0.tqFVGd3M73hliCCkvgQ4PTHJIwsBrBang9Dl8kUsV7Y&username=nacos&namespaceId= HTTP/1.1" 200 297 6 Mozilla/5.0 (Windows NT 10.0; Win64; x64) AppleWebKit/537.36 (KHTML, like Gecko) Chrome/131.0.0.0 Safari/537.36 Edg/131.0.0.0 -
127.0.0.1 - - [19/Nov/2024:10:11:16 +0800] "PUT /nacos/v1/ns/instance/beat?app=unknown&serviceName=DEFAULT_GROUP%40%40user-service&namespaceId=78bef756-8e60-43d9-8239-773b329381b2&port=8201&clusterName=DEFAULT&ip=192.168.56.1 HTTP/1.1" 200 75 1 Nacos-Java-Client:v1.4.2 -
127.0.0.1 - - [19/Nov/2024:10:11:17 +0800] "GET /nacos/v1/ns/instance/list?app=unknown&healthyOnly=false&namespaceId=78bef756-8e60-43d9-8239-773b329381b2&clientIP=192.168.56.1&serviceName=DEFAULT_GROUP%40%40user-service&udpPort=63170&clusters=DEFAULT HTTP/1.1" 200 573 0 Nacos-Java-Client:v1.4.2 -
127.0.0.1 - - [19/Nov/2024:10:11:21 +0800] "GET /nacos/v1/ns/instance/list?app=unknown&healthyOnly=false&namespaceId=78bef756-8e60-43d9-8239-773b329381b2&clientIP=192.168.56.1&serviceName=DEFAULT_GROUP%40%40borrow-service&udpPort=55303&clusters=haikou HTTP/1.1" 200 579 0 Nacos-Java-Client:v1.4.2 -
127.0.0.1 - - [19/Nov/2024:10:11:21 +0800] "PUT /nacos/v1/ns/instance/beat?app=unknown&serviceName=DEFAULT_GROUP%40%40user-service&namespaceId=78bef756-8e60-43d9-8239-773b329381b2&port=8201&clusterName=DEFAULT&ip=192.168.56.1 HTTP/1.1" 200 75 0 Nacos-Java-Client:v1.4.2 -
127.0.0.1 - - [19/Nov/2024:10:11:22 +0800] "GET /nacos/v1/ns/instance/list?app=unknown&healthyOnly=false&namespaceId=78bef756-8e60-43d9-8239-773b329381b2&clientIP=192.168.56.1&serviceName=DEFAULT_GROUP%40%40book-service&udpPort=57102&clusters=DEFAULT HTTP/1.1" 200 574 0 Nacos-Java-Client:v1.4.2 -
127.0.0.1 - - [19/Nov/2024:10:11:23 +0800] "GET /nacos/v1/ns/instance/list?app=unknown&healthyOnly=false&namespaceId=78bef756-8e60-43d9-8239-773b329381b2&clientIP=192.168.56.1&serviceName=DEFAULT_GROUP%40%40book-service&udpPort=57103&clusters=haikou HTTP/1.1" 200 571 0 Nacos-Java-Client:v1.4.2 -
127.0.0.1 - - [19/Nov/2024:10:11:26 +0800] "POST /nacos/v1/cs/configs/listener HTTP/1.1" 200 - 29511 Java/1.8.0_422 -
127.0.0.1 - - [19/Nov/2024:10:11:26 +0800] "PUT /nacos/v1/ns/instance/beat?app=unknown&serviceName=DEFAULT_GROUP%40%40user-service&namespaceId=78bef756-8e60-43d9-8239-773b329381b2&port=8201&clusterName=DEFAULT&ip=192.168.56.1 HTTP/1.1" 200 75 0 Nacos-Java-Client:v1.4.2 -
127.0.0.1 - - [19/Nov/2024:10:11:27 +0800] "GET /nacos/v1/ns/instance/list?app=unknown&healthyOnly=false&namespaceId=78bef756-8e60-43d9-8239-773b329381b2&clientIP=192.168.56.1&serviceName=DEFAULT_GROUP%40%40user-service&udpPort=63170&clusters=DEFAULT HTTP/1.1" 200 573 2 Nacos-Java-Client:v1.4.2 -
127.0.0.1 - - [19/Nov/2024:10:11:31 +0800] "GET /nacos/v1/ns/instance/list?app=unknown&healthyOnly=false&namespaceId=78bef756-8e60-43d9-8239-773b329381b2&clientIP=192.168.56.1&serviceName=DEFAULT_GROUP%40%40borrow-service&udpPort=55303&clusters=haikou HTTP/1.1" 200 579 3 Nacos-Java-Client:v1.4.2 -
0:0:0:0:0:0:0:1 - - [19/Nov/2024:10:11:31 +0800] "GET /nacos/v1/core/cluster/nodes?withInstances=false&pageNo=1&pageSize=10&keyword=&accessToken=eyJhbGciOiJIUzI1NiJ9.eyJzdWIiOiJuYWNvcyIsImV4cCI6MTcyNTY1NTg1NH0.tqFVGd3M73hliCCkvgQ4PTHJIwsBrBang9Dl8kUsV7Y&username=nacos&namespaceId= HTTP/1.1" 200 225 22 Mozilla/5.0 (Windows NT 10.0; Win64; x64) AppleWebKit/537.36 (KHTML, like Gecko) Chrome/131.0.0.0 Safari/537.36 Edg/131.0.0.0 -
127.0.0.1 - - [19/Nov/2024:10:11:31 +0800] "PUT /nacos/v1/ns/instance/beat?app=unknown&serviceName=DEFAULT_GROUP%40%40user-service&namespaceId=78bef756-8e60-43d9-8239-773b329381b2&port=8201&clusterName=DEFAULT&ip=192.168.56.1 HTTP/1.1" 200 75 6 Nacos-Java-Client:v1.4.2 -
127.0.0.1 - - [19/Nov/2024:10:11:32 +0800] "GET /nacos/v1/ns/instance/list?app=unknown&healthyOnly=false&namespaceId=78bef756-8e60-43d9-8239-773b329381b2&clientIP=192.168.56.1&serviceName=DEFAULT_GROUP%40%40book-service&udpPort=57102&clusters=DEFAULT HTTP/1.1" 200 574 0 Nacos-Java-Client:v1.4.2 -
127.0.0.1 - - [19/Nov/2024:10:11:33 +0800] "GET /nacos/v1/ns/instance/list?app=unknown&healthyOnly=false&namespaceId=78bef756-8e60-43d9-8239-773b329381b2&clientIP=192.168.56.1&serviceName=DEFAULT_GROUP%40%40book-service&udpPort=57103&clusters=haikou HTTP/1.1" 200 571 0 Nacos-Java-Client:v1.4.2 -
0:0:0:0:0:0:0:1 - - [19/Nov/2024:10:11:36 +0800] "GET /nacos/v1/ns/catalog/services?hasIpCount=true&withInstances=false&pageNo=1&pageSize=10&serviceNameParam=&groupNameParam=&accessToken=eyJhbGciOiJIUzI1NiJ9.eyJzdWIiOiJuYWNvcyIsImV4cCI6MTcyNTY1NTg1NH0.tqFVGd3M73hliCCkvgQ4PTHJIwsBrBang9Dl8kUsV7Y&username=nacos&namespaceId= HTTP/1.1" 200 297 7 Mozilla/5.0 (Windows NT 10.0; Win64; x64) AppleWebKit/537.36 (KHTML, like Gecko) Chrome/131.0.0.0 Safari/537.36 Edg/131.0.0.0 -
127.0.0.1 - - [19/Nov/2024:10:11:36 +0800] "PUT /nacos/v1/ns/instance/beat?app=unknown&serviceName=DEFAULT_GROUP%40%40user-service&namespaceId=78bef756-8e60-43d9-8239-773b329381b2&port=8201&clusterName=DEFAULT&ip=192.168.56.1 HTTP/1.1" 200 75 2 Nacos-Java-Client:v1.4.2 -
127.0.0.1 - - [19/Nov/2024:10:11:37 +0800] "GET /nacos/v1/ns/instance/list?app=unknown&healthyOnly=false&namespaceId=78bef756-8e60-43d9-8239-773b329381b2&clientIP=192.168.56.1&serviceName=DEFAULT_GROUP%40%40user-service&udpPort=63170&clusters=DEFAULT HTTP/1.1" 200 573 2 Nacos-Java-Client:v1.4.2 -
0:0:0:0:0:0:0:1 - - [19/Nov/2024:10:11:38 +0800] "GET /nacos/v1/cs/configs?dataId=&group=&appName=&config_tags=&pageNo=1&pageSize=10&tenant=&search=accurate&accessToken=eyJhbGciOiJIUzI1NiJ9.eyJzdWIiOiJuYWNvcyIsImV4cCI6MTcyNTY1NTg1NH0.tqFVGd3M73hliCCkvgQ4PTHJIwsBrBang9Dl8kUsV7Y&username=nacos HTTP/1.1" 200 424 4 Mozilla/5.0 (Windows NT 10.0; Win64; x64) AppleWebKit/537.36 (KHTML, like Gecko) Chrome/131.0.0.0 Safari/537.36 Edg/131.0.0.0 -
0:0:0:0:0:0:0:1 - - [19/Nov/2024:10:11:39 +0800] "GET /nacos/v1/cs/history?search=accurate&dataId=user-service-dev.yaml&group=DEFAULT_GROUP&&pageNo=1&pageSize=10&tenant=&accessToken=eyJhbGciOiJIUzI1NiJ9.eyJzdWIiOiJuYWNvcyIsImV4cCI6MTcyNTY1NTg1NH0.tqFVGd3M73hliCCkvgQ4PTHJIwsBrBang9Dl8kUsV7Y&username=nacos&namespaceId= HTTP/1.1" 200 664 8 Mozilla/5.0 (Windows NT 10.0; Win64; x64) AppleWebKit/537.36 (KHTML, like Gecko) Chrome/131.0.0.0 Safari/537.36 Edg/131.0.0.0 -
127.0.0.1 - - [19/Nov/2024:10:11:41 +0800] "GET /nacos/v1/ns/instance/list?app=unknown&healthyOnly=false&namespaceId=78bef756-8e60-43d9-8239-773b329381b2&clientIP=192.168.56.1&serviceName=DEFAULT_GROUP%40%40borrow-service&udpPort=55303&clusters=haikou HTTP/1.1" 200 579 4 Nacos-Java-Client:v1.4.2 -
127.0.0.1 - - [19/Nov/2024:10:11:41 +0800] "PUT /nacos/v1/ns/instance/beat?app=unknown&serviceName=DEFAULT_GROUP%40%40user-service&namespaceId=78bef756-8e60-43d9-8239-773b329381b2&port=8201&clusterName=DEFAULT&ip=192.168.56.1 HTTP/1.1" 200 75 2 Nacos-Java-Client:v1.4.2 -
127.0.0.1 - - [19/Nov/2024:10:11:42 +0800] "GET /nacos/v1/ns/instance/list?app=unknown&healthyOnly=false&namespaceId=78bef756-8e60-43d9-8239-773b329381b2&clientIP=192.168.56.1&serviceName=DEFAULT_GROUP%40%40book-service&udpPort=57102&clusters=DEFAULT HTTP/1.1" 200 574 4 Nacos-Java-Client:v1.4.2 -
0:0:0:0:0:0:0:1 - - [19/Nov/2024:10:11:43 +0800] "GET /nacos/v1/cs/configs?dataId=&group=&appName=&config_tags=&pageNo=1&pageSize=10&tenant=&search=accurate&accessToken=eyJhbGciOiJIUzI1NiJ9.eyJzdWIiOiJuYWNvcyIsImV4cCI6MTcyNTY1NTg1NH0.tqFVGd3M73hliCCkvgQ4PTHJIwsBrBang9Dl8kUsV7Y&username=nacos HTTP/1.1" 200 424 4 Mozilla/5.0 (Windows NT 10.0; Win64; x64) AppleWebKit/537.36 (KHTML, like Gecko) Chrome/131.0.0.0 Safari/537.36 Edg/131.0.0.0 -
127.0.0.1 - - [19/Nov/2024:10:11:43 +0800] "GET /nacos/v1/ns/instance/list?app=unknown&healthyOnly=false&namespaceId=78bef756-8e60-43d9-8239-773b329381b2&clientIP=192.168.56.1&serviceName=DEFAULT_GROUP%40%40book-service&udpPort=57103&clusters=haikou HTTP/1.1" 200 571 3 Nacos-Java-Client:v1.4.2 -
0:0:0:0:0:0:0:1 - - [19/Nov/2024:10:11:44 +0800] "GET /nacos/v1/ns/catalog/services?hasIpCount=true&withInstances=false&pageNo=1&pageSize=10&serviceNameParam=&groupNameParam=&accessToken=eyJhbGciOiJIUzI1NiJ9.eyJzdWIiOiJuYWNvcyIsImV4cCI6MTcyNTY1NTg1NH0.tqFVGd3M73hliCCkvgQ4PTHJIwsBrBang9Dl8kUsV7Y&username=nacos&namespaceId= HTTP/1.1" 200 297 6 Mozilla/5.0 (Windows NT 10.0; Win64; x64) AppleWebKit/537.36 (KHTML, like Gecko) Chrome/131.0.0.0 Safari/537.36 Edg/131.0.0.0 -
127.0.0.1 - - [19/Nov/2024:10:11:46 +0800] "PUT /nacos/v1/ns/instance/beat?app=unknown&serviceName=DEFAULT_GROUP%40%40user-service&namespaceId=78bef756-8e60-43d9-8239-773b329381b2&port=8201&clusterName=DEFAULT&ip=192.168.56.1 HTTP/1.1" 200 75 1 Nacos-Java-Client:v1.4.2 -
127.0.0.1 - - [19/Nov/2024:10:11:47 +0800] "GET /nacos/v1/ns/instance/list?app=unknown&healthyOnly=false&namespaceId=78bef756-8e60-43d9-8239-773b329381b2&clientIP=192.168.56.1&serviceName=DEFAULT_GROUP%40%40user-service&udpPort=63170&clusters=DEFAULT HTTP/1.1" 200 573 2 Nacos-Java-Client:v1.4.2 -
0:0:0:0:0:0:0:1 - - [19/Nov/2024:10:11:48 +0800] "GET /nacos/v1/ns/catalog/services?hasIpCount=false&withInstances=false&pageNo=1&pageSize=10&serviceNameParam=&groupNameParam=&accessToken=eyJhbGciOiJIUzI1NiJ9.eyJzdWIiOiJuYWNvcyIsImV4cCI6MTcyNTY1NTg1NH0.tqFVGd3M73hliCCkvgQ4PTHJIwsBrBang9Dl8kUsV7Y&username=nacos&namespaceId= HTTP/1.1" 200 297 2 Mozilla/5.0 (Windows NT 10.0; Win64; x64) AppleWebKit/537.36 (KHTML, like Gecko) Chrome/131.0.0.0 Safari/537.36 Edg/131.0.0.0 -
0:0:0:0:0:0:0:1 - - [19/Nov/2024:10:11:48 +0800] "GET /nacos/v1/ns/catalog/services?hasIpCount=true&withInstances=false&pageNo=1&pageSize=10&serviceNameParam=&groupNameParam=&accessToken=eyJhbGciOiJIUzI1NiJ9.eyJzdWIiOiJuYWNvcyIsImV4cCI6MTcyNTY1NTg1NH0.tqFVGd3M73hliCCkvgQ4PTHJIwsBrBang9Dl8kUsV7Y&username=nacos&namespaceId= HTTP/1.1" 200 297 3 Mozilla/5.0 (Windows NT 10.0; Win64; x64) AppleWebKit/537.36 (KHTML, like Gecko) Chrome/131.0.0.0 Safari/537.36 Edg/131.0.0.0 -
0:0:0:0:0:0:0:1 - - [19/Nov/2024:10:11:49 +0800] "GET /nacos/v1/ns/catalog/services?hasIpCount=true&withInstances=false&pageNo=1&pageSize=10&serviceNameParam=&groupNameParam=&accessToken=eyJhbGciOiJIUzI1NiJ9.eyJzdWIiOiJuYWNvcyIsImV4cCI6MTcyNTY1NTg1NH0.tqFVGd3M73hliCCkvgQ4PTHJIwsBrBang9Dl8kUsV7Y&username=nacos&namespaceId= HTTP/1.1" 200 297 2 Mozilla/5.0 (Windows NT 10.0; Win64; x64) AppleWebKit/537.36 (KHTML, like Gecko) Chrome/131.0.0.0 Safari/537.36 Edg/131.0.0.0 -
0:0:0:0:0:0:0:1 - - [19/Nov/2024:10:11:50 +0800] "GET /nacos/v1/ns/catalog/services?hasIpCount=true&withInstances=false&pageNo=1&pageSize=10&serviceNameParam=&groupNameParam=&accessToken=eyJhbGciOiJIUzI1NiJ9.eyJzdWIiOiJuYWNvcyIsImV4cCI6MTcyNTY1NTg1NH0.tqFVGd3M73hliCCkvgQ4PTHJIwsBrBang9Dl8kUsV7Y&username=nacos&namespaceId=78bef756-8e60-43d9-8239-773b329381b2 HTTP/1.1" 200 425 4 Mozilla/5.0 (Windows NT 10.0; Win64; x64) AppleWebKit/537.36 (KHTML, like Gecko) Chrome/131.0.0.0 Safari/537.36 Edg/131.0.0.0 -
127.0.0.1 - - [19/Nov/2024:10:11:51 +0800] "GET /nacos/v1/ns/instance/list?app=unknown&healthyOnly=false&namespaceId=78bef756-8e60-43d9-8239-773b329381b2&clientIP=192.168.56.1&serviceName=DEFAULT_GROUP%40%40borrow-service&udpPort=55303&clusters=haikou HTTP/1.1" 200 579 3 Nacos-Java-Client:v1.4.2 -
127.0.0.1 - - [19/Nov/2024:10:11:51 +0800] "PUT /nacos/v1/ns/instance/beat?app=unknown&serviceName=DEFAULT_GROUP%40%40user-service&namespaceId=78bef756-8e60-43d9-8239-773b329381b2&port=8201&clusterName=DEFAULT&ip=192.168.56.1 HTTP/1.1" 200 75 2 Nacos-Java-Client:v1.4.2 -
127.0.0.1 - - [19/Nov/2024:10:11:52 +0800] "GET /nacos/v1/ns/instance/list?app=unknown&healthyOnly=false&namespaceId=78bef756-8e60-43d9-8239-773b329381b2&clientIP=192.168.56.1&serviceName=DEFAULT_GROUP%40%40book-service&udpPort=57102&clusters=DEFAULT HTTP/1.1" 200 574 1 Nacos-Java-Client:v1.4.2 -
127.0.0.1 - - [19/Nov/2024:10:11:53 +0800] "GET /nacos/v1/ns/instance/list?app=unknown&healthyOnly=false&namespaceId=78bef756-8e60-43d9-8239-773b329381b2&clientIP=192.168.56.1&serviceName=DEFAULT_GROUP%40%40book-service&udpPort=57103&clusters=haikou HTTP/1.1" 200 571 2 Nacos-Java-Client:v1.4.2 -
127.0.0.1 - - [19/Nov/2024:10:11:55 +0800] "POST /nacos/v1/cs/configs/listener HTTP/1.1" 200 - 29510 Java/1.8.0_422 -
127.0.0.1 - - [19/Nov/2024:10:11:56 +0800] "PUT /nacos/v1/ns/instance/beat?app=unknown&serviceName=DEFAULT_GROUP%40%40user-service&namespaceId=78bef756-8e60-43d9-8239-773b329381b2&port=8201&clusterName=DEFAULT&ip=192.168.56.1 HTTP/1.1" 200 75 2 Nacos-Java-Client:v1.4.2 -
127.0.0.1 - - [19/Nov/2024:10:11:57 +0800] "GET /nacos/v1/ns/instance/list?app=unknown&healthyOnly=false&namespaceId=78bef756-8e60-43d9-8239-773b329381b2&clientIP=192.168.56.1&serviceName=DEFAULT_GROUP%40%40user-service&udpPort=63170&clusters=DEFAULT HTTP/1.1" 200 573 2 Nacos-Java-Client:v1.4.2 -
127.0.0.1 - - [19/Nov/2024:10:12:01 +0800] "GET /nacos/v1/ns/instance/list?app=unknown&healthyOnly=false&namespaceId=78bef756-8e60-43d9-8239-773b329381b2&clientIP=192.168.56.1&serviceName=DEFAULT_GROUP%40%40user-service&udpPort=55303&clusters= HTTP/1.1" 200 566 1 Nacos-Java-Client:v1.4.2 -
127.0.0.1 - - [19/Nov/2024:10:12:01 +0800] "GET /nacos/v1/ns/instance/list?app=unknown&healthyOnly=false&namespaceId=78bef756-8e60-43d9-8239-773b329381b2&clientIP=192.168.56.1&serviceName=DEFAULT_GROUP%40%40borrow-service&udpPort=55303&clusters=haikou HTTP/1.1" 200 579 2 Nacos-Java-Client:v1.4.2 -
127.0.0.1 - - [19/Nov/2024:10:12:01 +0800] "PUT /nacos/v1/ns/instance/beat?app=unknown&serviceName=DEFAULT_GROUP%40%40user-service&namespaceId=78bef756-8e60-43d9-8239-773b329381b2&port=8201&clusterName=DEFAULT&ip=192.168.56.1 HTTP/1.1" 200 75 2 Nacos-Java-Client:v1.4.2 -
127.0.0.1 - - [19/Nov/2024:10:12:01 +0800] "GET /nacos/v1/ns/instance/list?app=unknown&healthyOnly=false&namespaceId=78bef756-8e60-43d9-8239-773b329381b2&clientIP=192.168.56.1&serviceName=DEFAULT_GROUP%40%40book-service&udpPort=55303&clusters= HTTP/1.1" 200 881 2 Nacos-Java-Client:v1.4.2 -
127.0.0.1 - - [19/Nov/2024:10:12:02 +0800] "GET /nacos/v1/ns/instance/list?app=unknown&healthyOnly=false&namespaceId=78bef756-8e60-43d9-8239-773b329381b2&clientIP=192.168.56.1&serviceName=DEFAULT_GROUP%40%40user-service&udpPort=55303&clusters= HTTP/1.1" 200 566 2 Nacos-Java-Client:v1.4.2 -
127.0.0.1 - - [19/Nov/2024:10:12:02 +0800] "GET /nacos/v1/ns/instance/list?app=unknown&healthyOnly=false&namespaceId=78bef756-8e60-43d9-8239-773b329381b2&clientIP=192.168.56.1&serviceName=DEFAULT_GROUP%40%40book-service&udpPort=57102&clusters=DEFAULT HTTP/1.1" 200 574 4 Nacos-Java-Client:v1.4.2 -
127.0.0.1 - - [19/Nov/2024:10:12:02 +0800] "GET /nacos/v1/ns/instance/list?app=unknown&healthyOnly=false&namespaceId=78bef756-8e60-43d9-8239-773b329381b2&clientIP=192.168.56.1&serviceName=DEFAULT_GROUP%40%40book-service&udpPort=55303&clusters= HTTP/1.1" 200 881 5 Nacos-Java-Client:v1.4.2 -
127.0.0.1 - - [19/Nov/2024:10:12:03 +0800] "GET /nacos/v1/ns/instance/list?app=unknown&healthyOnly=false&namespaceId=78bef756-8e60-43d9-8239-773b329381b2&clientIP=192.168.56.1&serviceName=DEFAULT_GROUP%40%40book-service&udpPort=57103&clusters=haikou HTTP/1.1" 200 571 2 Nacos-Java-Client:v1.4.2 -
127.0.0.1 - - [19/Nov/2024:10:12:06 +0800] "PUT /nacos/v1/ns/instance/beat?app=unknown&serviceName=DEFAULT_GROUP%40%40user-service&namespaceId=78bef756-8e60-43d9-8239-773b329381b2&port=8201&clusterName=DEFAULT&ip=192.168.56.1 HTTP/1.1" 200 75 4 Nacos-Java-Client:v1.4.2 -
127.0.0.1 - - [19/Nov/2024:10:12:07 +0800] "GET /nacos/v1/ns/instance/list?app=unknown&healthyOnly=false&namespaceId=78bef756-8e60-43d9-8239-773b329381b2&clientIP=192.168.56.1&serviceName=DEFAULT_GROUP%40%40user-service&udpPort=63170&clusters=DEFAULT HTTP/1.1" 200 573 1 Nacos-Java-Client:v1.4.2 -
127.0.0.1 - - [19/Nov/2024:10:12:11 +0800] "GET /nacos/v1/ns/instance/list?app=unknown&healthyOnly=false&namespaceId=78bef756-8e60-43d9-8239-773b329381b2&clientIP=192.168.56.1&serviceName=DEFAULT_GROUP%40%40borrow-service&udpPort=55303&clusters=haikou HTTP/1.1" 200 579 1 Nacos-Java-Client:v1.4.2 -
127.0.0.1 - - [19/Nov/2024:10:12:11 +0800] "PUT /nacos/v1/ns/instance/beat?app=unknown&serviceName=DEFAULT_GROUP%40%40user-service&namespaceId=78bef756-8e60-43d9-8239-773b329381b2&port=8201&clusterName=DEFAULT&ip=192.168.56.1 HTTP/1.1" 200 75 1 Nacos-Java-Client:v1.4.2 -
127.0.0.1 - - [19/Nov/2024:10:12:12 +0800] "GET /nacos/v1/ns/instance/list?app=unknown&healthyOnly=false&namespaceId=78bef756-8e60-43d9-8239-773b329381b2&clientIP=192.168.56.1&serviceName=DEFAULT_GROUP%40%40user-service&udpPort=55303&clusters= HTTP/1.1" 200 566 3 Nacos-Java-Client:v1.4.2 -
127.0.0.1 - - [19/Nov/2024:10:12:12 +0800] "GET /nacos/v1/ns/instance/list?app=unknown&healthyOnly=false&namespaceId=78bef756-8e60-43d9-8239-773b329381b2&clientIP=192.168.56.1&serviceName=DEFAULT_GROUP%40%40book-service&udpPort=57102&clusters=DEFAULT HTTP/1.1" 200 574 3 Nacos-Java-Client:v1.4.2 -
127.0.0.1 - - [19/Nov/2024:10:12:12 +0800] "GET /nacos/v1/ns/instance/list?app=unknown&healthyOnly=false&namespaceId=78bef756-8e60-43d9-8239-773b329381b2&clientIP=192.168.56.1&serviceName=DEFAULT_GROUP%40%40book-service&udpPort=55303&clusters= HTTP/1.1" 200 881 2 Nacos-Java-Client:v1.4.2 -
127.0.0.1 - - [19/Nov/2024:10:12:13 +0800] "GET /nacos/v1/ns/instance/list?app=unknown&healthyOnly=false&namespaceId=78bef756-8e60-43d9-8239-773b329381b2&clientIP=192.168.56.1&serviceName=DEFAULT_GROUP%40%40book-service&udpPort=57103&clusters=haikou HTTP/1.1" 200 571 2 Nacos-Java-Client:v1.4.2 -
127.0.0.1 - - [19/Nov/2024:10:12:16 +0800] "PUT /nacos/v1/ns/instance/beat?app=unknown&serviceName=DEFAULT_GROUP%40%40user-service&namespaceId=78bef756-8e60-43d9-8239-773b329381b2&port=8201&clusterName=DEFAULT&ip=192.168.56.1 HTTP/1.1" 200 75 4 Nacos-Java-Client:v1.4.2 -
127.0.0.1 - - [19/Nov/2024:10:12:17 +0800] "GET /nacos/v1/ns/instance/list?app=unknown&healthyOnly=false&namespaceId=78bef756-8e60-43d9-8239-773b329381b2&clientIP=192.168.56.1&serviceName=DEFAULT_GROUP%40%40user-service&udpPort=63170&clusters=DEFAULT HTTP/1.1" 200 573 2 Nacos-Java-Client:v1.4.2 -
127.0.0.1 - - [19/Nov/2024:10:12:21 +0800] "GET /nacos/v1/ns/instance/list?app=unknown&healthyOnly=false&namespaceId=78bef756-8e60-43d9-8239-773b329381b2&clientIP=192.168.56.1&serviceName=DEFAULT_GROUP%40%40borrow-service&udpPort=55303&clusters=haikou HTTP/1.1" 200 579 2 Nacos-Java-Client:v1.4.2 -
127.0.0.1 - - [19/Nov/2024:10:12:21 +0800] "PUT /nacos/v1/ns/instance/beat?app=unknown&serviceName=DEFAULT_GROUP%40%40user-service&namespaceId=78bef756-8e60-43d9-8239-773b329381b2&port=8201&clusterName=DEFAULT&ip=192.168.56.1 HTTP/1.1" 200 75 3 Nacos-Java-Client:v1.4.2 -
127.0.0.1 - - [19/Nov/2024:10:12:22 +0800] "GET /nacos/v1/ns/instance/list?app=unknown&healthyOnly=false&namespaceId=78bef756-8e60-43d9-8239-773b329381b2&clientIP=192.168.56.1&serviceName=DEFAULT_GROUP%40%40user-service&udpPort=55303&clusters= HTTP/1.1" 200 566 1 Nacos-Java-Client:v1.4.2 -
127.0.0.1 - - [19/Nov/2024:10:12:22 +0800] "GET /nacos/v1/ns/instance/list?app=unknown&healthyOnly=false&namespaceId=78bef756-8e60-43d9-8239-773b329381b2&clientIP=192.168.56.1&serviceName=DEFAULT_GROUP%40%40book-service&udpPort=57102&clusters=DEFAULT HTTP/1.1" 200 574 2 Nacos-Java-Client:v1.4.2 -
127.0.0.1 - - [19/Nov/2024:10:12:22 +0800] "GET /nacos/v1/ns/instance/list?app=unknown&healthyOnly=false&namespaceId=78bef756-8e60-43d9-8239-773b329381b2&clientIP=192.168.56.1&serviceName=DEFAULT_GROUP%40%40book-service&udpPort=55303&clusters= HTTP/1.1" 200 881 3 Nacos-Java-Client:v1.4.2 -
127.0.0.1 - - [19/Nov/2024:10:12:23 +0800] "GET /nacos/v1/ns/instance/list?app=unknown&healthyOnly=false&namespaceId=78bef756-8e60-43d9-8239-773b329381b2&clientIP=192.168.56.1&serviceName=DEFAULT_GROUP%40%40book-service&udpPort=57103&clusters=haikou HTTP/1.1" 200 571 2 Nacos-Java-Client:v1.4.2 -
127.0.0.1 - - [19/Nov/2024:10:12:25 +0800] "POST /nacos/v1/cs/configs/listener HTTP/1.1" 200 - 29503 Java/1.8.0_422 -
127.0.0.1 - - [19/Nov/2024:10:12:26 +0800] "PUT /nacos/v1/ns/instance/beat?app=unknown&serviceName=DEFAULT_GROUP%40%40user-service&namespaceId=78bef756-8e60-43d9-8239-773b329381b2&port=8201&clusterName=DEFAULT&ip=192.168.56.1 HTTP/1.1" 200 75 3 Nacos-Java-Client:v1.4.2 -
